#
# A fatal error has been detected by the Java Runtime Environment:
#
#  SIGSEGV (0xb) at pc=0x000074f4ad136cc8, pid=351163, tid=351164
#
# JRE version: OpenJDK Runtime Environment (21.0.11) (build 21.0.11-internal-adhoc.ubuntu.jdk21u)
# Java VM: OpenJDK 64-Bit Server VM (21.0.11-internal-adhoc.ubuntu.jdk21u, mixed mode, emulated-client, tiered, g1 gc, linux-amd64)
# Problematic frame:
# J 73 c1 java.lang.invoke.MethodType.hashCode()I java.base@21.0.11-internal (53 bytes) @ 0x000074f4ad136cc8 [0x000074f4ad136c40+0x0000000000000088]
#
# Core dump will be written. Default location: Core dumps may be processed with "/usr/share/apport/apport -p%p -s%s -c%c -d%d -P%P -u%u -g%g -F%F -- %E" (or dumping to /home/ubuntu/jvm_libapth/jdk21u/core.351163)
#
# If you would like to submit a bug report, please visit:
#   https://bugreport.java.com/bugreport/crash.jsp
#

---------------  S U M M A R Y ------------

Command Line: -Dapplication.home=/home/ubuntu/jvm_libapth/jdk21u/build/linux-x86_64-server-release/images/jdk --add-modules=ALL-DEFAULT -Xms8m -Xshare:off -XX:-UseCompressedOops -XX:-UseCompressedClassPointers -XX:TieredStopAtLevel=1 -Djdk.module.main=jdk.compiler jdk.compiler/com.sun.tools.javac.Main HelloWorld.java

Host: AMD EPYC 7773X 64-Core Processor, 12 cores, 23G, Ubuntu 24.04.4 LTS
Time: Sun Apr  5 18:55:53 2026 UTC elapsed time: 0.626958 seconds (0d 0h 0m 0s)

---------------  T H R E A D  ---------------

Current thread (0x000074f4dc047a40):  JavaThread "main"             [_thread_in_Java, id=351164, stack(0x000074f4e3217000,0x000074f4e3317000) (1024K)]

Stack: [0x000074f4e3217000,0x000074f4e3317000],  sp=0x000074f4e3314190,  free space=1012k
Native frames: (J=compiled Java code, j=interpreted, Vv=VM code, C=native code)
J 73 c1 java.lang.invoke.MethodType.hashCode()I java.base@21.0.11-internal (53 bytes) @ 0x000074f4ad136cc8 [0x000074f4ad136c40+0x0000000000000088]
J 76 c1 jdk.internal.util.StrongReferenceKey.hashCode()I java.base@21.0.11-internal (8 bytes) @ 0x000074f4ad137a74 [0x000074f4ad137a20+0x0000000000000054]
J 71 c1 java.util.concurrent.ConcurrentHashMap.get(Ljava/lang/Object;)Ljava/lang/Object; java.base@21.0.11-internal (162 bytes) @ 0x000074f4ad135504 [0x000074f4ad1354a0+0x0000000000000064]
J 264 c1 java.lang.invoke.MethodType.makeImpl(Ljava/lang/Class;[Ljava/lang/Class;Z)Ljava/lang/invoke/MethodType; java.base@21.0.11-internal (109 bytes) @ 0x000074f4ad28cacc [0x000074f4ad28c920+0x00000000000001ac]
J 268 c1 java.lang.invoke.MethodType.methodType(Ljava/lang/Class;[Ljava/lang/Class;Z)Ljava/lang/invoke/MethodType; java.base@21.0.11-internal (69 bytes) @ 0x000074f4ad28e8cc [0x000074f4ad28e800+0x00000000000000cc]
j  java.lang.invoke.MethodHandleNatives.findMethodHandleType(Ljava/lang/Class;[Ljava/lang/Class;)Ljava/lang/invoke/MethodType;+3 java.base@21.0.11-internal
v  ~StubRoutines::call_stub 0x000074f4ad000cbf
V  [libjvm.so+0x90320a]  JavaCalls::call_helper(JavaValue*, methodHandle const&, JavaCallArguments*, JavaThread*)+0x2da  (javaCalls.cpp:415)
V  [libjvm.so+0x903693]  JavaCalls::call_static(JavaValue*, Klass*, Symbol*, Symbol*, JavaCallArguments*, JavaThread*)+0x113  (javaCalls.cpp:329)
V  [libjvm.so+0xf0611c]  SystemDictionary::find_method_handle_type(Symbol*, Klass*, JavaThread*)+0x89c  (systemDictionary.cpp:2219)
V  [libjvm.so+0x4cf712]  BootstrapInfo::resolve_bsm(JavaThread*)+0x292  (bootstrapInfo.cpp:121)
V  [libjvm.so+0xf07042]  SystemDictionary::invoke_bootstrap_method(BootstrapInfo&, JavaThread*)+0x32  (systemDictionary.cpp:2320)
V  [libjvm.so+0xb68325]  LinkResolver::resolve_dynamic_call(CallInfo&, BootstrapInfo&, JavaThread*)+0x25  (linkResolver.cpp:1814)
V  [libjvm.so+0xb684c6]  LinkResolver::resolve_invokedynamic(CallInfo&, constantPoolHandle const&, int, JavaThread*)+0xb6  (linkResolver.cpp:1786)
V  [libjvm.so+0x8f9cbe]  InterpreterRuntime::resolve_invokedynamic(JavaThread*)+0x13e  (interpreterRuntime.cpp:963)
V  [libjvm.so+0x8fb4b5]  InterpreterRuntime::resolve_from_cache(JavaThread*, Bytecodes::Code)+0x115  (interpreterRuntime.cpp:991)
j  com.sun.tools.javac.comp.Annotate.queueScanTreeAndTypeAnnotate(Lcom/sun/tools/javac/tree/JCTree;Lcom/sun/tools/javac/comp/Env;Lcom/sun/tools/javac/code/Symbol;Lcom/sun/tools/javac/util/JCDiagnostic$DiagnosticPosition;)V+12 jdk.compiler@21.0.11-internal
j  com.sun.tools.javac.comp.MemberEnter.visitMethodDef(Lcom/sun/tools/javac/tree/JCTree$JCMethodDecl;)V+374 jdk.compiler@21.0.11-internal
j  com.sun.tools.javac.tree.JCTree$JCMethodDecl.accept(Lcom/sun/tools/javac/tree/JCTree$Visitor;)V+2 jdk.compiler@21.0.11-internal
j  com.sun.tools.javac.comp.MemberEnter.memberEnter(Lcom/sun/tools/javac/tree/JCTree;Lcom/sun/tools/javac/comp/Env;)V+12 jdk.compiler@21.0.11-internal
j  com.sun.tools.javac.comp.MemberEnter.memberEnter(Lcom/sun/tools/javac/util/List;Lcom/sun/tools/javac/comp/Env;)V+18 jdk.compiler@21.0.11-internal
j  com.sun.tools.javac.comp.TypeEnter$MembersPhase.finishClass(Lcom/sun/tools/javac/tree/JCTree$JCClassDecl;Lcom/sun/tools/javac/tree/JCTree;Lcom/sun/tools/javac/comp/Env;)V+182 jdk.compiler@21.0.11-internal
j  com.sun.tools.javac.comp.TypeEnter$MembersPhase.runPhase(Lcom/sun/tools/javac/comp/Env;)V+169 jdk.compiler@21.0.11-internal
j  com.sun.tools.javac.comp.TypeEnter$Phase.doCompleteEnvs(Lcom/sun/tools/javac/util/List;)V+101 jdk.compiler@21.0.11-internal
j  com.sun.tools.javac.comp.TypeEnter$AbstractMembersPhase.doCompleteEnvs(Lcom/sun/tools/javac/util/List;)V+67 jdk.compiler@21.0.11-internal
j  com.sun.tools.javac.comp.TypeEnter$Phase.completeEnvs(Lcom/sun/tools/javac/util/List;)Lcom/sun/tools/javac/util/List;+29 jdk.compiler@21.0.11-internal
j  com.sun.tools.javac.comp.TypeEnter$Phase.completeEnvs(Lcom/sun/tools/javac/util/List;)Lcom/sun/tools/javac/util/List;+124 jdk.compiler@21.0.11-internal
j  com.sun.tools.javac.comp.TypeEnter$Phase.completeEnvs(Lcom/sun/tools/javac/util/List;)Lcom/sun/tools/javac/util/List;+124 jdk.compiler@21.0.11-internal
j  com.sun.tools.javac.comp.TypeEnter$Phase.completeEnvs(Lcom/sun/tools/javac/util/List;)Lcom/sun/tools/javac/util/List;+124 jdk.compiler@21.0.11-internal
j  com.sun.tools.javac.comp.TypeEnter$Phase.completeEnvs(Lcom/sun/tools/javac/util/List;)Lcom/sun/tools/javac/util/List;+124 jdk.compiler@21.0.11-internal
j  com.sun.tools.javac.comp.TypeEnter.complete(Lcom/sun/tools/javac/code/Symbol;)V+85 jdk.compiler@21.0.11-internal
J 810 c1 com.sun.tools.javac.code.Symbol.complete()V jdk.compiler@21.0.11-internal (30 bytes) @ 0x000074f4ad3f146c [0x000074f4ad3f13c0+0x00000000000000ac]
j  com.sun.tools.javac.code.Symbol$ClassSymbol.complete()V+6 jdk.compiler@21.0.11-internal
j  com.sun.tools.javac.comp.Enter.complete(Lcom/sun/tools/javac/util/List;Lcom/sun/tools/javac/code/Symbol$ClassSymbol;)V+88 jdk.compiler@21.0.11-internal
j  com.sun.tools.javac.comp.Enter.main(Lcom/sun/tools/javac/util/List;)V+3 jdk.compiler@21.0.11-internal
j  com.sun.tools.javac.main.JavaCompiler.enterTrees(Lcom/sun/tools/javac/util/List;)Lcom/sun/tools/javac/util/List;+64 jdk.compiler@21.0.11-internal
j  com.sun.tools.javac.main.JavaCompiler.compile(Ljava/util/Collection;Ljava/util/Collection;Ljava/lang/Iterable;Ljava/util/Collection;)V+281 jdk.compiler@21.0.11-internal
j  com.sun.tools.javac.main.Main.compile([Ljava/lang/String;Lcom/sun/tools/javac/util/Context;)Lcom/sun/tools/javac/main/Main$Result;+622 jdk.compiler@21.0.11-internal
j  com.sun.tools.javac.main.Main.compile([Ljava/lang/String;)Lcom/sun/tools/javac/main/Main$Result;+15 jdk.compiler@21.0.11-internal
j  com.sun.tools.javac.Main.compile([Ljava/lang/String;)I+12 jdk.compiler@21.0.11-internal
j  com.sun.tools.javac.Main.main([Ljava/lang/String;)V+1 jdk.compiler@21.0.11-internal
v  ~StubRoutines::call_stub 0x000074f4ad000cbf
V  [libjvm.so+0x90320a]  JavaCalls::call_helper(JavaValue*, methodHandle const&, JavaCallArguments*, JavaThread*)+0x2da  (javaCalls.cpp:415)
V  [libjvm.so+0x9a36bd]  jni_invoke_static(JNIEnv_*, JavaValue*, _jobject*, JNICallType, _jmethodID*, JNI_ArgumentPusher*, JavaThread*) [clone .constprop.1]+0x35d  (jni.cpp:892)
V  [libjvm.so+0x9a51db]  jni_CallStaticVoidMethod+0x16b  (jni.cpp:1721)
C  [libjli.so+0x574e]  JavaMain+0xfde  (java.c:560)
C  [libjli.so+0x85ad]  ThreadJavaMain+0xd  (java_md.c:642)
C  [libc.so.6+0x9caa4]

siginfo: si_signo: 11 (SIGSEGV), si_code: 128 (SI_KERNEL), si_addr: 0x0000000000000000

Registers:
RAX=0x000000008d2ceecb, RBX=0x0000000000000005, RCX=0x00000000218f2f78, RDX=0x0000000000000004
RSP=0x000074f4e3314190, RBP=0x000074f4e33144b0, RSI=0xc00074f4dc636bc0, RDI=0x000074f328b003f0
R8 =0x000074f3280548e0, R9 =0x000074f4e33147c8, R10=0x000074f4e4c30000, R11=0x000074f4ad28e800
R12=0x000074f4e33147c0, R13=0x000074f4e3314450, R14=0x000074f4e33144c8, R15=0x000074f4dc047a40
RIP=0x000074f4ad136cc8, EFLAGS=0x0000000000010297, CSGSFS=0x002b000000000033, ERR=0x0000000000000000
  TRAPNO=0x000000000000000d

XMM[0]=0x000074f4dc12f1f0 0x000074f4dc047a40
XMM[1]=0x0000000000000000 0x000074f4dc047a40
XMM[2]=0x0000000000000000 0x000074f4e3314809
XMM[3]=0x0000000000000000 0x000074f4dc035de0
XMM[4]=0xffffffffffffffff 0xffffffffffffffff
XMM[5]=0xffffffffffffffff 0xffffffffffffffff
XMM[6]=0xffffffffffffffff 0xffffffffffffffff
XMM[7]=0xffffffffffffffff 0xffffffffffffffff
XMM[8]=0x0c000b0012000000 0x0a00090012000000
XMM[9]=0x0000000000000000 0x0000000000000000
XMM[10]=0x0000000000000000 0x3f3f3f3f3f3f3f3f
XMM[11]=0x0000000000000000 0x9999999999999999
XMM[12]=0x0000000000000000 0x2020202020202020
XMM[13]=0x0000000000000000 0x0000000000000000
XMM[14]=0x0000000000000000 0x0000000000000000
XMM[15]=0x0000000000000000 0x0000000000000000
  MXCSR=0x00001fa2


Register to memory mapping:

RAX=0x000000008d2ceecb is an unknown value
RBX=0x0000000000000005 is an unknown value
RCX=0x00000000218f2f78 is an unknown value
RDX=0x0000000000000004 is an unknown value
RSP=0x000074f4e3314190 is pointing into the stack for thread: 0x000074f4dc047a40
RBP=0x000074f4e33144b0 is pointing into the stack for thread: 0x000074f4dc047a40
RSI=0xc00074f4dc636bc0 is an unknown value
RDI=0x000074f328b003f0 is an oop: [Ljava.lang.Class; 
{0x000074f328b003f0} - klass: 'java/lang/Class'[]
 - length: 5
R8 =0x000074f3280548e0 is an oop: java.lang.Class 
{0x000074f3280548e0} - klass: 'java/lang/Class'
 - ---- fields (total size 24 words):
 - injected 'klass' 'J' @16  128587361751864 (0x000074f314051338)
 - injected 'array_klass' 'J' @24  0 (0x0000000000000000)
 - private volatile transient 'classRedefinedCount' 'I' @32  0 (0x00000000)
 - injected 'oop_size' 'I' @36  24 (0x00000018)
 - injected 'static_oop_field_count' 'I' @40  0 (0x00000000)
 - private volatile transient 'cachedConstructor' 'Ljava/lang/reflect/Constructor;' @48  null (0x0000000000000000)
 - private transient 'name' 'Ljava/lang/String;' @56  "java.lang.Runnable"{0x000074f3280549a0} (0x000074f3280549a0)
 - private transient 'module' 'Ljava/lang/Module;' @64  a 'java/lang/Module'{0x000074f328002418} (0x000074f328002418)
 - private final 'classLoader' 'Ljava/lang/ClassLoader;' @72  null (0x0000000000000000)
 - private transient 'classData' 'Ljava/lang/Object;' @80  null (0x0000000000000000)
 - private transient 'packageName' 'Ljava/lang/String;' @88  null (0x0000000000000000)
 - private final 'componentType' 'Ljava/lang/Class;' @96  null (0x0000000000000000)
 - private volatile transient 'reflectionData' 'Ljava/lang/ref/SoftReference;' @104  null (0x0000000000000000)
 - private volatile transient 'genericInfo' 'Lsun/reflect/generics/repository/ClassRepository;' @112  null (0x0000000000000000)
 - private volatile transient 'enumConstants' '[Ljava/lang/Object;' @120  null (0x0000000000000000)
 - private volatile transient 'enumConstantDirectory' 'Ljava/util/Map;' @128  null (0x0000000000000000)
 - private volatile transient 'annotationData' 'Ljava/lang/Class$AnnotationData;' @136  null (0x0000000000000000)
 - private volatile transient 'annotationType' 'Lsun/reflect/annotation/AnnotationType;' @144  null (0x0000000000000000)
 - transient 'classValueMap' 'Ljava/lang/ClassValue$ClassValueMap;' @152  null (0x0000000000000000)
 - injected 'protection_domain' 'Ljava/lang/Object;' @160  null (0x0000000000000000)
 - injected 'signers_name' 'Ljava/lang/Object;' @168  null (0x0000000000000000)
 - injected 'source_file' 'Ljava/lang/Object;' @176  null (0x0000000000000000)
 - injected '<init_lock>' 'Ljava/lang/Object;' @184  [I{0x000074f3280549f0} (0x000074f3280549f0)
 - signature: Ljava/lang/Runnable;
 - ---- static fields (0):
R9 =0x000074f4e33147c8 is pointing into the stack for thread: 0x000074f4dc047a40
R10=0x000074f4e4c30000 points into unknown readable memory: 0x0000000000000000 | 00 00 00 00 00 00 00 00
R11=0x000074f4ad28e800 is at entry_point+0 in (nmethod*)0x000074f4ad28e610
Compiled method (c1) 2765  268       1       java.lang.invoke.MethodType::methodType (69 bytes)
 total in heap  [0x000074f4ad28e610,0x000074f4ad28eb60] = 1360
 relocation     [0x000074f4ad28e768,0x000074f4ad28e7e8] = 128
 main code      [0x000074f4ad28e800,0x000074f4ad28ea08] = 520
 stub code      [0x000074f4ad28ea08,0x000074f4ad28ea50] = 72
 metadata       [0x000074f4ad28ea50,0x000074f4ad28ea60] = 16
 scopes data    [0x000074f4ad28ea60,0x000074f4ad28eab8] = 88
 scopes pcs     [0x000074f4ad28eab8,0x000074f4ad28eb48] = 144
 dependencies   [0x000074f4ad28eb48,0x000074f4ad28eb50] = 8
 nul chk table  [0x000074f4ad28eb50,0x000074f4ad28eb60] = 16
0x000074f4ad28e800:   89 84 24 00 c0 fe ff 55 48 83 ec 40 41 81 7f 20
0x000074f4ad28e810:   01 00 00 00 74 05 
R12=0x000074f4e33147c0 is pointing into the stack for thread: 0x000074f4dc047a40
R13=0x000074f4e3314450 is pointing into the stack for thread: 0x000074f4dc047a40
R14=0x000074f4e33144c8 is pointing into the stack for thread: 0x000074f4dc047a40
R15=0x000074f4dc047a40 is a thread

Top of Stack: (sp=0x000074f4e3314190)
0x000074f4e3314190:   000074f4e3314200 000074f4ad008052   .B1..t..R....t..
0x000074f4e33141a0:   000074f4ad008052 000074f328b00430   R....t..0..(.t..
0x000074f4e33141b0:   000000031056bf88 000074f400000005   ..V..........t..
0x000074f4e33141c0:   000074f328b003f0 0000000000000007   ...(.t..........
0x000074f4e33141d0:   000074f4e33144b0 000074f4ad137a74   .D1..t..tz...t..
0x000074f4e33141e0:   000074f328042520 000074f3140b9e08    %.(.t.......t..
0x000074f4e33141f0:   000074f328061f70 000074f328b002e8   p..(.t.....(.t..
0x000074f4e3314200:   000074f328061ef8 000074f4247a9731   ...(.t..1.z$.t..
0x000074f4e3314210:   000074f4e33144b0 000074f4ad135504   .D1..t...U...t..
0x000074f4e3314220:   000074f4e3314290 000074f4ad008052   .B1..t..R....t..
0x000074f4e3314230:   000074f4ad008052 000074f328061f70   R....t..p..(.t..
0x000074f4e3314240:   000074f328b002e8 000074f4e3314248   ...(.t..HB1..t..
0x000074f4e3314250:   000074f3142f81c5 000000000000000a   ../..t..........
0x000074f4e3314260:   000074f3142f8ae8 0000000000000000   ../..t..........
0x000074f4e3314270:   000074f32805a238 000074f4e4aac4de   8..(.t.......t..
0x000074f4e3314280:   0000000000000000 000074f4e33142c0   .........B1..t..
0x000074f4e3314290:   000074f4e33144b0 000074f4ad13345c   .D1..t..\4...t..
0x000074f4e33142a0:   000074f328044668 000074f328b00470   hF.(.t..p..(.t..
0x000074f4e33142b0:   000074f3280622b0 000074f328044640   .".(.t..@F.(.t..
0x000074f4e33142c0:   0000000000000000 000074f328b00430   ........0..(.t..
0x000074f4e33142d0:   000074f4e33144b0 000074f4ad28cacc   .D1..t....(..t..
0x000074f4e33142e0:   000074f328b00430 000074f31f9a26d8   0..(.t...&...t..
0x000074f4e33142f0:   000074f4e3314320 000074f4e3cd0df2    C1..t.......t..
0x000074f4e3314300:   000074f4e3314340 0000000000000000   @C1..t..........
0x000074f4e3314310:   0000000000000001 000074f31f9a2698   .........&...t..
0x000074f4e3314320:   000074f4e3314360 000074f4e3f6814f   `C1..t..O....t..
0x000074f4e3314330:   0000000000000009 000074f4dc047a40   ........@z...t..
0x000074f4e3314340:   000074f3140c02b8 000074f4e3314650   .....t..PF1..t..
0x000074f4e3314350:   000074f4e3314650 000074f31491f728   PF1..t..(....t..
0x000074f4e3314360:   000074f4e33144e0 000074f4e3f69dd0   .D1..t.......t..
0x000074f4e3314370:   000074f4e33143b0 000074f4e4aaddce   .C1..t.......t..
0x000074f4e3314380:   0000000000000000 000074f4dc2d3a48   ........H:-..t..

Instructions: (pc=0x000074f4ad136cc8)
0x000074f4ad136bc8:   00 00 00 00 02 00 00 00 ff ff ff ff ff ff ff ff
0x000074f4ad136bd8:   01 02 00 00 00 00 00 00 10 00 00 00 00 00 00 00
0x000074f4ad136be8:   1a 30 1c 31 19 19 05 80 4b 19 05 80 1b 50 18 58
0x000074f4ad136bf8:   0e 31 05 31 05 31 1d 78 05 40 11 31 27 31 0c 00
0x000074f4ad136c08:   01 7c b1 ff 05 28 00 60 0a 31 01 7c 61 ff 06 28
0x000074f4ad136c18:   00 60 0a 31 05 31 03 7c 4e e4 4d 3d f4 74 05 38
0x000074f4ad136c28:   0e 31 01 7c 0e ff 06 48 0c 31 00 00 00 00 00 00
0x000074f4ad136c38:   00 00 00 00 00 00 00 00 66 66 66 0f 1f 84 00 00
0x000074f4ad136c48:   00 00 00 66 66 66 0f 1f 84 00 00 00 00 00 48 3b
0x000074f4ad136c58:   46 08 0f 85 20 74 f1 ff 89 84 24 00 c0 fe ff 55
0x000074f4ad136c68:   48 83 ec 40 41 81 7f 20 01 00 00 00 74 05 e8 25
0x000074f4ad136c78:   ca ef ff 48 8b 7e 10 48 3b 07 48 89 74 24 18 48
0x000074f4ad136c88:   8b f7 0f 1f 44 00 00 e8 24 cd fe ff 0f 1f 84 00
0x000074f4ad136c98:   04 02 00 00 83 c0 1f 48 8b 74 24 18 48 8b 7e 18
0x000074f4ad136ca8:   48 89 7c 24 30 8b 5f 10 89 5c 24 28 ba 00 00 00
0x000074f4ad136cb8:   00 e9 50 00 00 00 66 90 48 63 f2 48 8b 74 f7 18
0x000074f4ad136cc8:   48 3b 06 48 8b c8 c1 e0 05 2b c1 89 54 24 24 89
0x000074f4ad136cd8:   44 24 20 0f 1f 40 00 e8 d4 cc fe ff 0f 1f 84 00
0x000074f4ad136ce8:   54 02 00 01 8b 74 24 20 03 f0 8b 54 24 24 ff c2
0x000074f4ad136cf8:   4d 8b 97 58 04 00 00 41 85 02 48 8b c6 8b 5c 24
0x000074f4ad136d08:   28 48 8b 7c 24 30 3b d3 7c ae 48 83 c4 40 5d 49
0x000074f4ad136d18:   3b a7 50 04 00 00 0f 87 10 00 00 00 c3 e8 d6 b7
0x000074f4ad136d28:   fc ff e8 d1 b7 fc ff e8 cc b7 fc ff 49 ba 17 6d
0x000074f4ad136d38:   13 ad f4 74 00 00 4d 89 97 70 04 00 00 e9 b6 e2
0x000074f4ad136d48:   f1 ff 49 8b 87 08 05 00 00 49 c7 87 08 05 00 00
0x000074f4ad136d58:   00 00 00 00 49 c7 87 10 05 00 00 00 00 00 00 48
0x000074f4ad136d68:   83 c4 40 5d e9 8f a3 fc ff f4 f4 f4 f4 f4 f4 f4
0x000074f4ad136d78:   0f 1f 44 00 00 48 bb 00 00 00 00 00 00 00 00 e9
0x000074f4ad136d88:   fb ff ff ff 90 48 bb 00 00 00 00 00 00 00 00 e9
0x000074f4ad136d98:   fb ff ff ff e8 5f d5 fc ff 48 bf 4d 3d 4e e4 f4
0x000074f4ad136da8:   74 00 00 48 83 e4 f0 e8 fc 22 ea 36 f4 49 ba b5
0x000074f4ad136db8:   6d 13 ad f4 74 00 00 41 52 e9 da d4 f1 ff f4 f4


Stack slot to memory mapping:

stack at sp + 0 slots: 0x000074f4e3314200 is pointing into the stack for thread: 0x000074f4dc047a40
stack at sp + 1 slots: 0x000074f4ad008052 is at code_begin+882 in an Interpreter codelet
return entry points  [0x000074f4ad007ce0, 0x000074f4ad008588]  2216 bytes
stack at sp + 2 slots: 0x000074f4ad008052 is at code_begin+882 in an Interpreter codelet
return entry points  [0x000074f4ad007ce0, 0x000074f4ad008588]  2216 bytes
stack at sp + 3 slots: 0x000074f328b00430 is an oop: java.lang.invoke.MethodType 
{0x000074f328b00430} - klass: 'java/lang/invoke/MethodType'
 - ---- fields (total size 8 words):
 - private final 'rtype' 'Ljava/lang/Class;' @16  a 'java/lang/Class'{0x000074f3280548e0} = 'java/lang/Runnable' (0x000074f3280548e0)
 - private final 'ptypes' '[Ljava/lang/Class;' @24  a 'java/lang/Class'[5] {0x000074f328b003f0} (0x000074f328b003f0)
 - private 'form' 'Ljava/lang/invoke/MethodTypeForm;' @32  null (0x0000000000000000)
 - private 'wrapAlt' 'Ljava/lang/Object;' @40  null (0x0000000000000000)
 - private 'invokers' 'Ljava/lang/invoke/Invokers;' @48  null (0x0000000000000000)
 - private 'methodDescriptor' 'Ljava/lang/String;' @56  null (0x0000000000000000)
 - signature: (Lcom/sun/tools/javac/comp/Annotate;Lcom/sun/tools/javac/tree/JCTree;Lcom/sun/tools/javac/comp/Env;Lcom/sun/tools/javac/code/Symbol;Lcom/sun/tools/javac/util/JCDiagnostic$DiagnosticPosition;)Ljava/lang/Runnable;
stack at sp + 4 slots: 0x000000031056bf88 is an unknown value
stack at sp + 5 slots: 0x000074f400000005 is an unallocated location in the heap
stack at sp + 6 slots: 0x000074f328b003f0 is an oop: [Ljava.lang.Class; 
{0x000074f328b003f0} - klass: 'java/lang/Class'[]
 - length: 5
stack at sp + 7 slots: 0x0000000000000007 is an unknown value


Compiled method (c1) 2769   73       1       java.lang.invoke.MethodType::hashCode (53 bytes)
 total in heap  [0x000074f4ad136a90,0x000074f4ad136ee0] = 1104
 relocation     [0x000074f4ad136be8,0x000074f4ad136c38] = 80
 main code      [0x000074f4ad136c40,0x000074f4ad136d78] = 312
 stub code      [0x000074f4ad136d78,0x000074f4ad136dc8] = 80
 metadata       [0x000074f4ad136dc8,0x000074f4ad136dd0] = 8
 scopes data    [0x000074f4ad136dd0,0x000074f4ad136e38] = 104
 scopes pcs     [0x000074f4ad136e38,0x000074f4ad136eb8] = 128
 dependencies   [0x000074f4ad136eb8,0x000074f4ad136ec0] = 8
 nul chk table  [0x000074f4ad136ec0,0x000074f4ad136ee0] = 32

[Constant Pool (empty)]

[MachCode]
[Entry Point]
  # {method} {0x000074f3140cf0d0} 'hashCode' '()I' in 'java/lang/invoke/MethodType'
  #           [sp+0x50]  (sp of caller)
  0x000074f4ad136c40: 6666 660f | 1f84 0000 | 0000 0066 | 6666 0f1f | 8400 0000 | 0000 483b 

  0x000074f4ad136c58: ;   {runtime_call ic_miss_stub}
  0x000074f4ad136c58: 4608 0f85 | 2074 f1ff 
[Verified Entry Point]
  0x000074f4ad136c60: 8984 2400 | c0fe ff55 | 4883 ec40 | 4181 7f20 | 0100 0000 

  0x000074f4ad136c74: ;   {runtime_call StubRoutines (final stubs)}
  0x000074f4ad136c74: 7405 e825 | caef ff48 | 8b7e 1048 | 3b07 4889 | 7424 1848 | 8bf7 0f1f 

  0x000074f4ad136c8c: ;   {optimized virtual_call}
  0x000074f4ad136c8c: 4400 00e8 

  0x000074f4ad136c90: ; ImmutableOopMap {[24]=Oop }
                      ;*invokevirtual hashCode {reexecute=0 rethrow=0 return_oop=0}
                      ; - java.lang.invoke.MethodType::hashCode@6 (line 923)
  0x000074f4ad136c90: 24cd feff 

  0x000074f4ad136c94: ;   {other}
  0x000074f4ad136c94: 0f1f 8400 | 0402 0000 | 83c0 1f48 | 8b74 2418 | 488b 7e18 | 4889 7c24 | 308b 5f10 | 895c 2428 
  0x000074f4ad136cb4: ba00 0000 | 00e9 5000 | 0000 6690 | 4863 f248 | 8b74 f718 

  0x000074f4ad136cc8: ; implicit exception: dispatches to 0x000074f4ad136d2f
  0x000074f4ad136cc8: 483b 0648 | 8bc8 c1e0 | 052b c189 | 5424 2489 | 4424 200f 

  0x000074f4ad136cdc: ;   {optimized virtual_call}
  0x000074f4ad136cdc: 1f40 00e8 

  0x000074f4ad136ce0: ; ImmutableOopMap {[48]=Oop }
                      ;*invokevirtual hashCode {reexecute=0 rethrow=0 return_oop=0}
                      ; - java.lang.invoke.MethodType::hashCode@40 (line 925)
  0x000074f4ad136ce0: d4cc feff 

  0x000074f4ad136ce4: ;   {other}
  0x000074f4ad136ce4: 0f1f 8400 | 5402 0001 | 8b74 2420 | 03f0 8b54 | 2424 ffc2 | 4d8b 9758 

  0x000074f4ad136cfc: ; ImmutableOopMap {[48]=Oop }
                      ;*goto {reexecute=1 rethrow=0 return_oop=0}
                      ; - (reexecute) java.lang.invoke.MethodType::hashCode@48 (line 924)
                      ;   {poll}
  0x000074f4ad136cfc: 0400 0041 | 8502 488b | c68b 5c24 | 2848 8b7c | 2430 3bd3 | 7cae 4883 

  0x000074f4ad136d14: ;   {poll_return}
  0x000074f4ad136d14: c440 5d49 | 3ba7 5004 | 0000 0f87 | 1000 0000 

  0x000074f4ad136d24: ;   {runtime_call throw_null_pointer_exception Runtime1 stub}
  0x000074f4ad136d24: c3e8 d6b7 

  0x000074f4ad136d28: ; ImmutableOopMap {rsi=Oop rdi=Oop }
                      ;*invokevirtual hashCode {reexecute=0 rethrow=0 return_oop=0}
                      ; - java.lang.invoke.MethodType::hashCode@6 (line 923)
                      ;   {runtime_call throw_null_pointer_exception Runtime1 stub}
  0x000074f4ad136d28: fcff e8d1 

  0x000074f4ad136d2c: ; ImmutableOopMap {rdi=Oop [48]=Oop }
                      ;*arraylength {reexecute=0 rethrow=0 return_oop=0}
                      ; - java.lang.invoke.MethodType::hashCode@17 (line 924)
                      ;   {runtime_call throw_null_pointer_exception Runtime1 stub}
  0x000074f4ad136d2c: b7fc ffe8 

  0x000074f4ad136d30: ; ImmutableOopMap {rdi=Oop rsi=Oop [48]=Oop }
                      ;*invokevirtual hashCode {reexecute=0 rethrow=0 return_oop=0}
                      ; - java.lang.invoke.MethodType::hashCode@40 (line 925)
  0x000074f4ad136d30: ccb7 fcff 

  0x000074f4ad136d34: ;   {internal_word}
  0x000074f4ad136d34: 49ba 176d | 13ad f474 | 0000 4d89 | 9770 0400 

  0x000074f4ad136d44: ;   {runtime_call SafepointBlob}
  0x000074f4ad136d44: 00e9 b6e2 | f1ff 498b | 8708 0500 | 0049 c787 | 0805 0000 | 0000 0000 | 49c7 8710 | 0500 0000 
  0x000074f4ad136d64: 0000 0048 | 83c4 405d 

  0x000074f4ad136d6c: ;   {runtime_call unwind_exception Runtime1 stub}
  0x000074f4ad136d6c: e98f a3fc | fff4 f4f4 | f4f4 f4f4 
[Stub Code]
  0x000074f4ad136d78: ;   {no_reloc}
  0x000074f4ad136d78: 0f1f 4400 

  0x000074f4ad136d7c: ;   {static_stub}
  0x000074f4ad136d7c: 0048 bb00 | 0000 0000 

  0x000074f4ad136d84: ;   {runtime_call nmethod}
  0x000074f4ad136d84: 0000 00e9 | fbff ffff 

  0x000074f4ad136d8c: ;   {static_stub}
  0x000074f4ad136d8c: 9048 bb00 | 0000 0000 

  0x000074f4ad136d94: ;   {runtime_call nmethod}
  0x000074f4ad136d94: 0000 00e9 | fbff ffff 
[Exception Handler]
  0x000074f4ad136d9c: ;   {runtime_call handle_exception_from_callee Runtime1 stub}
  0x000074f4ad136d9c: e85f d5fc 

  0x000074f4ad136da0: ;   {external_word}
  0x000074f4ad136da0: ff48 bf4d | 3d4e e4f4 | 7400 0048 

  0x000074f4ad136dac: ;   {runtime_call MacroAssembler::debug64(char*, long, long*)}
  0x000074f4ad136dac: 83e4 f0e8 | fc22 ea36 

  0x000074f4ad136db4: ;   {section_word}
  0x000074f4ad136db4: f449 bab5 | 6d13 adf4 | 7400 0041 

  0x000074f4ad136dc0: ;   {runtime_call DeoptimizationBlob}
  0x000074f4ad136dc0: 52e9 dad4 | f1ff f4f4 
[/MachCode]


Compiled method (c1) 2772   76       1       jdk.internal.util.StrongReferenceKey::hashCode (8 bytes)
 total in heap  [0x000074f4ad137890,0x000074f4ad137b60] = 720
 relocation     [0x000074f4ad1379e8,0x000074f4ad137a20] = 56
 main code      [0x000074f4ad137a20,0x000074f4ad137ad0] = 176
 stub code      [0x000074f4ad137ad0,0x000074f4ad137b10] = 64
 metadata       [0x000074f4ad137b10,0x000074f4ad137b18] = 8
 scopes data    [0x000074f4ad137b18,0x000074f4ad137b28] = 16
 scopes pcs     [0x000074f4ad137b28,0x000074f4ad137b58] = 48
 dependencies   [0x000074f4ad137b58,0x000074f4ad137b60] = 8

[Constant Pool (empty)]

[MachCode]
[Entry Point]
  # {method} {0x000074f3143e5e68} 'hashCode' '()I' in 'jdk/internal/util/StrongReferenceKey'
  #           [sp+0x40]  (sp of caller)
  0x000074f4ad137a20: 6666 660f | 1f84 0000 | 0000 0066 | 6666 0f1f | 8400 0000 | 0000 483b 

  0x000074f4ad137a38: ;   {runtime_call ic_miss_stub}
  0x000074f4ad137a38: 4608 0f85 | 4066 f1ff 
[Verified Entry Point]
  0x000074f4ad137a40: 8984 2400 | c0fe ff55 | 4883 ec30 | 4181 7f20 | 0100 0000 

  0x000074f4ad137a54: ;   {runtime_call StubRoutines (final stubs)}
  0x000074f4ad137a54: 7405 e845 | bcef ff48 | 8b76 1066 | 0f1f 4400 | 0048 b8ff | ffff ffff 

  0x000074f4ad137a6c: ;   {virtual_call}
  0x000074f4ad137a6c: ffff ffe8 

  0x000074f4ad137a70: ; ImmutableOopMap {}
                      ;*invokevirtual hashCode {reexecute=0 rethrow=0 return_oop=0}
                      ; - jdk.internal.util.StrongReferenceKey::hashCode@4 (line 75)
  0x000074f4ad137a70: 1c7c fdff 

  0x000074f4ad137a74: ;   {other}
  0x000074f4ad137a74: 0f1f 8400 | e401 0000 | 4883 c430 

  0x000074f4ad137a80: ;   {poll_return}
  0x000074f4ad137a80: 5d49 3ba7 | 5004 0000 | 0f87 0100 

  0x000074f4ad137a8c: ;   {internal_word}
  0x000074f4ad137a8c: 0000 c349 | ba81 7a13 | adf4 7400 | 004d 8997 | 7004 0000 

  0x000074f4ad137aa0: ;   {runtime_call SafepointBlob}
  0x000074f4ad137aa0: e95b d5f1 | ff49 8b87 | 0805 0000 | 49c7 8708 | 0500 0000 | 0000 0049 | c787 1005 | 0000 0000 
  0x000074f4ad137ac0: 0000 4883 

  0x000074f4ad137ac4: ;   {runtime_call unwind_exception Runtime1 stub}
  0x000074f4ad137ac4: c430 5de9 | 3496 fcff | f4f4 f4f4 
[Stub Code]
  0x000074f4ad137ad0: ;   {no_reloc}
  0x000074f4ad137ad0: 0f1f 4400 

  0x000074f4ad137ad4: ;   {static_stub}
  0x000074f4ad137ad4: 0048 bb00 | 0000 0000 

  0x000074f4ad137adc: ;   {runtime_call nmethod}
  0x000074f4ad137adc: 0000 00e9 | fbff ffff 
[Exception Handler]
  0x000074f4ad137ae4: ;   {runtime_call handle_exception_from_callee Runtime1 stub}
  0x000074f4ad137ae4: e817 c8fc 

  0x000074f4ad137ae8: ;   {external_word}
  0x000074f4ad137ae8: ff48 bf4d | 3d4e e4f4 | 7400 0048 

  0x000074f4ad137af4: ;   {runtime_call MacroAssembler::debug64(char*, long, long*)}
  0x000074f4ad137af4: 83e4 f0e8 | b415 ea36 

  0x000074f4ad137afc: ;   {section_word}
  0x000074f4ad137afc: f449 bafd | 7a13 adf4 | 7400 0041 

  0x000074f4ad137b08: ;   {runtime_call DeoptimizationBlob}
  0x000074f4ad137b08: 52e9 92c7 | f1ff f4f4 
[/MachCode]


Compiled method (c1) 2774   71       1       java.util.concurrent.ConcurrentHashMap::get (162 bytes)
 total in heap  [0x000074f4ad135290,0x000074f4ad135b78] = 2280
 relocation     [0x000074f4ad1353e8,0x000074f4ad135488] = 160
 main code      [0x000074f4ad1354a0,0x000074f4ad1358d0] = 1072
 stub code      [0x000074f4ad1358d0,0x000074f4ad135940] = 112
 metadata       [0x000074f4ad135940,0x000074f4ad135950] = 16
 scopes data    [0x000074f4ad135950,0x000074f4ad135a50] = 256
 scopes pcs     [0x000074f4ad135a50,0x000074f4ad135b40] = 240
 dependencies   [0x000074f4ad135b40,0x000074f4ad135b48] = 8
 nul chk table  [0x000074f4ad135b48,0x000074f4ad135b78] = 48

[Constant Pool (empty)]

[MachCode]
[Entry Point]
  # {method} {0x000074f314129e68} 'get' '(Ljava/lang/Object;)Ljava/lang/Object;' in 'java/util/concurrent/ConcurrentHashMap'
  # this:     rsi:rsi   = 'java/util/concurrent/ConcurrentHashMap'
  # parm0:    rdx:rdx   = 'java/lang/Object'
  #           [sp+0xc0]  (sp of caller)
  0x000074f4ad1354a0: 6666 660f | 1f84 0000 | 0000 0066 | 6666 0f1f | 8400 0000 | 0000 483b 

  0x000074f4ad1354b8: ;   {runtime_call ic_miss_stub}
  0x000074f4ad1354b8: 4608 0f85 | c08b f1ff 
[Verified Entry Point]
  0x000074f4ad1354c0: 8984 2400 | c0fe ff55 | 4881 ecb0 | 0000 0090 | 4181 7f20 | 0100 0000 

  0x000074f4ad1354d8: ;   {runtime_call StubRoutines (final stubs)}
  0x000074f4ad1354d8: 7405 e8c1 | e1ef ff48 | 8994 2488 | 0000 0048 | 89b4 2480 | 0000 0048 | 8bf2 6666 | 9048 b8ff 
  0x000074f4ad1354f8: ffff ffff 

  0x000074f4ad1354fc: ;   {virtual_call}
  0x000074f4ad1354fc: ffff ffe8 

  0x000074f4ad135500: ; ImmutableOopMap {[128]=Oop [136]=Oop }
                      ;*invokevirtual hashCode {reexecute=0 rethrow=0 return_oop=0}
                      ; - java.util.concurrent.ConcurrentHashMap::get@1 (line 936)
  0x000074f4ad135500: 8ca1 fdff 

  0x000074f4ad135504: ;   {other}
  0x000074f4ad135504: 0f1f 8400 | 7402 0000 | 488b c8c1 | e910 4833 | c881 e1ff | ffff 7f89 | 8c24 9800 | 0000 488b 
  0x000074f4ad135524: b424 8000 | 0000 488b | 5638 4885 | d20f 8470 | 0200 008b | 7210 85f6 | 0f8e 6502 | 0000 ffce 
  0x000074f4ad135544: 4823 f148 | 63f6 488b | f9b9 0300 | 0000 48d3 | e649 c7c2 | 1800 0000 | 4903 f248 | 8b14 3241 
  0x000074f4ad135564: 0fbe 7740 | 85f6 0f85 | 9002 0000 | 4885 d20f | 841d 0000 

  0x000074f4ad135578: ;   {metadata('java/util/concurrent/ConcurrentHashMap$Node')}
  0x000074f4ad135578: 0048 be10 | 4f23 14f3 | 7400 0048 | 8b5a 0848 | 3b73 380f | 8587 0200 | 00e9 0000 | 0000 488b 
  0x000074f4ad135598: da48 85db | 0f84 0502 | 0000 8b73 | 103b f70f | 8573 0000 | 0048 8b94 | 2488 0000 | 0048 8b73 
  0x000074f4ad1355b8: 1848 3bf2 | 0f84 1f02 | 0000 4885 | f60f 8508 | 0000 0048 | 8bcf e975 | 0000 0048 | 899c 2490 
  0x000074f4ad1355d8: 0000 0048 | 8bfa 488b | d648 8bf7 | 9048 b8ff | ffff ffff 

  0x000074f4ad1355ec: ;   {virtual_call}
  0x000074f4ad1355ec: ffff ffe8 

  0x000074f4ad1355f0: ; ImmutableOopMap {[136]=Oop [144]=Oop }
                      ;*invokevirtual equals {reexecute=0 rethrow=0 return_oop=0}
                      ; - java.util.concurrent.ConcurrentHashMap::get@73 (line 940)
  0x000074f4ad1355f0: eca0 fdff 

  0x000074f4ad1355f4: ;   {other}
  0x000074f4ad1355f4: 0f1f 8400 | 6403 0001 | 85c0 488b | 9c24 9000 | 0000 0f85 | d501 0000 | 8b8c 2498 | 0000 0048 
  0x000074f4ad135614: 8b94 2488 | 0000 00e9 | 2800 0000 | 4889 9c24 | 9000 0000 | 85f6 0f8c | ff00 0000 | 488b 9c24 
  0x000074f4ad135634: 9000 0000 | 8b8c 2498 | 0000 0048 | 8b94 2488 | 0000 0090 

  0x000074f4ad135648: ; implicit exception: dispatches to 0x000074f4ad135826
  0x000074f4ad135648: 488b 7b28 | 4885 ff0f | 8452 0100 | 008b 7710 | 4d8b 9758 

  0x000074f4ad13565c: ; ImmutableOopMap {rdx=Oop rdi=Oop [136]=Oop }
                      ;*if_icmpne {reexecute=1 rethrow=0 return_oop=0}
                      ; - (reexecute) java.util.concurrent.ConcurrentHashMap::get@127 (line 946)
                      ;   {poll}
  0x000074f4ad13565c: 0400 0041 | 8502 3bf1 | 0f85 9400 | 0000 488b | 7718 483b | f20f 8450 | 0100 004d | 8b97 5804 
  0x000074f4ad13567c: ; ImmutableOopMap {rdx=Oop rdi=Oop rsi=Oop [136]=Oop }
                      ;*ifnull {reexecute=1 rethrow=0 return_oop=0}
                      ; - (reexecute) java.util.concurrent.ConcurrentHashMap::get@143 (line 946)
                      ;   {poll}
  0x000074f4ad13567c: 0000 4185 | 0248 85f6 | 4889 bc24 | a000 0000 | 0f84 5000 | 0000 488b | da48 8bd6 | 488b f366 
  0x000074f4ad13569c: 9048 b8ff | ffff ffff 

  0x000074f4ad1356a4: ;   {virtual_call}
  0x000074f4ad1356a4: ffff ffe8 

  0x000074f4ad1356a8: ; ImmutableOopMap {[136]=Oop [160]=Oop }
                      ;*invokevirtual equals {reexecute=0 rethrow=0 return_oop=0}
                      ; - java.util.concurrent.ConcurrentHashMap::get@149 (line 947)
  0x000074f4ad1356a8: 34a0 fdff 

  0x000074f4ad1356ac: ;   {other}
  0x000074f4ad1356ac: 0f1f 8400 | 1c04 0004 | 4d8b 9758 

  0x000074f4ad1356b8: ; ImmutableOopMap {[136]=Oop [160]=Oop }
                      ;*ifeq {reexecute=1 rethrow=0 return_oop=0}
                      ; - (reexecute) java.util.concurrent.ConcurrentHashMap::get@152 (line 947)
                      ;   {poll}
  0x000074f4ad1356b8: 0400 0041 | 8502 85c0 | 0f85 5c00 | 0000 488b | 9c24 a000 | 0000 8b8c | 2498 0000 | 0048 8b94 
  0x000074f4ad1356d8: 2488 0000 | 00e9 66ff | ffff 488b | 9c24 a000 | 0000 8b8c | 2498 0000 | 0048 8b94 | 2488 0000 
  0x000074f4ad1356f8: 00e9 4aff | ffff 4889 | bc24 a000 | 0000 488b | 9c24 a000 | 0000 8b8c | 2498 0000 | 0048 8b94 
  0x000074f4ad135718: 2488 0000 | 00e9 26ff | ffff 488b | bc24 a000 | 0000 e998 | 0000 008b | 8c24 9800 | 0000 488b 
  0x000074f4ad135738: b424 8800 | 0000 488b | d148 8bce | 488b b424 | 9000 0000 | 9048 b8ff | ffff ffff 

  0x000074f4ad135754: ;   {virtual_call}
  0x000074f4ad135754: ffff ffe8 

  0x000074f4ad135758: ; ImmutableOopMap {}
                      ;*invokevirtual find {reexecute=0 rethrow=0 return_oop=0}
                      ; - java.util.concurrent.ConcurrentHashMap::get@93 (line 944)
  0x000074f4ad135758: 248f f1ff 

  0x000074f4ad13575c: ;   {other}
  0x000074f4ad13575c: 0f1f 8400 | cc04 0006 | 4885 c00f | 841a 0000 | 0048 8b40 | 2048 81c4 | b000 0000 

  0x000074f4ad135778: ;   {poll_return}
  0x000074f4ad135778: 5d49 3ba7 | 5004 0000 | 0f87 af00 

  0x000074f4ad135784: ;   {oop(nullptr)}
  0x000074f4ad135784: 0000 c348 | b800 0000 | 0000 0000 | 0048 81c4 | b000 0000 

  0x000074f4ad135798: ;   {poll_return}
  0x000074f4ad135798: 5d49 3ba7 | 5004 0000 | 0f87 a500 

  0x000074f4ad1357a4: ;   {oop(nullptr)}
  0x000074f4ad1357a4: 0000 c348 | b800 0000 | 0000 0000 | 0048 81c4 | b000 0000 

  0x000074f4ad1357b8: ;   {poll_return}
  0x000074f4ad1357b8: 5d49 3ba7 | 5004 0000 | 0f87 9b00 | 0000 c348 | 8b47 2048 | 81c4 b000 

  0x000074f4ad1357d0: ;   {poll_return}
  0x000074f4ad1357d0: 0000 5d49 | 3ba7 5004 | 0000 0f87 | 9700 0000 | c348 8b43 | 2048 81c4 | b000 0000 

  0x000074f4ad1357ec: ;   {poll_return}
  0x000074f4ad1357ec: 5d49 3ba7 | 5004 0000 | 0f87 9300 

  0x000074f4ad1357f8: ;   {runtime_call throw_null_pointer_exception Runtime1 stub}
  0x000074f4ad1357f8: 0000 c3e8 

  0x000074f4ad1357fc: ; ImmutableOopMap {rdx=Oop [136]=Oop }
                      ;*arraylength {reexecute=0 rethrow=0 return_oop=0}
                      ; - java.util.concurrent.ConcurrentHashMap::get@19 (line 937)
  0x000074f4ad1357fc: 00cd fcff | 4883 fa00 | 0f84 66fd | ffff 4889 

  0x000074f4ad13580c: ;   {runtime_call g1_pre_barrier_slow}
  0x000074f4ad13580c: 1424 e8ed | 21fd ffe9 | 58fd ffff | 4889 1424 

  0x000074f4ad13581c: ;   {runtime_call throw_class_cast_exception Runtime1 stub}
  0x000074f4ad13581c: e8df f0fc 

  0x000074f4ad135820: ; ImmutableOopMap {[136]=Oop }
                      ;*checkcast {reexecute=0 rethrow=0 return_oop=0}
                      ; - java.util.concurrent.ConcurrentHashMap::tabAt@18 (line 760)
                      ; - java.util.concurrent.ConcurrentHashMap::get@34 (line 938)
                      ;   {runtime_call throw_null_pointer_exception Runtime1 stub}
  0x000074f4ad135820: ffe8 dacc 

  0x000074f4ad135824: ; ImmutableOopMap {rbx=Oop [136]=Oop }
                      ;*getfield hash {reexecute=1 rethrow=0 return_oop=0}
                      ; - (reexecute) java.util.concurrent.ConcurrentHashMap::get@43 (line 939)
                      ;   {runtime_call throw_null_pointer_exception Runtime1 stub}
  0x000074f4ad135824: fcff e8d5 

  0x000074f4ad135828: ; ImmutableOopMap {rdx=Oop [136]=Oop }
                      ;*getfield next {reexecute=1 rethrow=0 return_oop=0}
                      ; - (reexecute) java.util.concurrent.ConcurrentHashMap::get@113 (line 945)
                      ;   {runtime_call throw_null_pointer_exception Runtime1 stub}
  0x000074f4ad135828: ccfc ffe8 

  0x000074f4ad13582c: ; ImmutableOopMap {rdx=Oop rdi=Oop [136]=Oop }
                      ;*getfield hash {reexecute=1 rethrow=0 return_oop=0}
                      ; - (reexecute) java.util.concurrent.ConcurrentHashMap::get@122 (line 946)
  0x000074f4ad13582c: d0cc fcff 

  0x000074f4ad135830: ;   {runtime_call throw_null_pointer_exception Runtime1 stub}
  0x000074f4ad135830: e8cb ccfc 

  0x000074f4ad135834: ; ImmutableOopMap {}
                      ;*getfield val {reexecute=1 rethrow=0 return_oop=0}
                      ; - (reexecute) java.util.concurrent.ConcurrentHashMap::get@104 (line 944)
                      ;   {internal_word}
  0x000074f4ad135834: ff49 ba79 | 5713 adf4 | 7400 004d | 8997 7004 

  0x000074f4ad135844: ;   {runtime_call SafepointBlob}
  0x000074f4ad135844: 0000 e9b5 

  0x000074f4ad135848: ;   {internal_word}
  0x000074f4ad135848: f7f1 ff49 | ba99 5713 | adf4 7400 | 004d 8997 | 7004 0000 

  0x000074f4ad13585c: ;   {runtime_call SafepointBlob}
  0x000074f4ad13585c: e99f f7f1 

  0x000074f4ad135860: ;   {internal_word}
  0x000074f4ad135860: ff49 bab9 | 5713 adf4 | 7400 004d | 8997 7004 

  0x000074f4ad135870: ;   {runtime_call SafepointBlob}
  0x000074f4ad135870: 0000 e989 

  0x000074f4ad135874: ;   {internal_word}
  0x000074f4ad135874: f7f1 ff49 | bad3 5713 | adf4 7400 | 004d 8997 | 7004 0000 

  0x000074f4ad135888: ;   {runtime_call SafepointBlob}
  0x000074f4ad135888: e973 f7f1 

  0x000074f4ad13588c: ;   {internal_word}
  0x000074f4ad13588c: ff49 baed | 5713 adf4 | 7400 004d | 8997 7004 

  0x000074f4ad13589c: ;   {runtime_call SafepointBlob}
  0x000074f4ad13589c: 0000 e95d | f7f1 ff49 | 8b87 0805 | 0000 49c7 | 8708 0500 | 0000 0000 | 0049 c787 | 1005 0000 
  0x000074f4ad1358bc: 0000 0000 | 4881 c4b0 | 0000 005d 

  0x000074f4ad1358c8: ;   {runtime_call unwind_exception Runtime1 stub}
  0x000074f4ad1358c8: e933 b8fc | fff4 f4f4 
[Stub Code]
  0x000074f4ad1358d0: ;   {no_reloc}
  0x000074f4ad1358d0: 0f1f 4400 

  0x000074f4ad1358d4: ;   {static_stub}
  0x000074f4ad1358d4: 0048 bb00 | 0000 0000 

  0x000074f4ad1358dc: ;   {runtime_call nmethod}
  0x000074f4ad1358dc: 0000 00e9 | fbff ffff 

  0x000074f4ad1358e4: ;   {static_stub}
  0x000074f4ad1358e4: 9048 bb00 | 0000 0000 

  0x000074f4ad1358ec: ;   {runtime_call nmethod}
  0x000074f4ad1358ec: 0000 00e9 | fbff ffff 

  0x000074f4ad1358f4: ;   {static_stub}
  0x000074f4ad1358f4: 9048 bb00 | 0000 0000 

  0x000074f4ad1358fc: ;   {runtime_call nmethod}
  0x000074f4ad1358fc: 0000 00e9 | fbff ffff 

  0x000074f4ad135904: ;   {static_stub}
  0x000074f4ad135904: 9048 bb00 | 0000 0000 

  0x000074f4ad13590c: ;   {runtime_call nmethod}
  0x000074f4ad13590c: 0000 00e9 | fbff ffff 
[Exception Handler]
  0x000074f4ad135914: ;   {runtime_call handle_exception_from_callee Runtime1 stub}
  0x000074f4ad135914: e8e7 e9fc 

  0x000074f4ad135918: ;   {external_word}
  0x000074f4ad135918: ff48 bf4d | 3d4e e4f4 | 7400 0048 

  0x000074f4ad135924: ;   {runtime_call MacroAssembler::debug64(char*, long, long*)}
  0x000074f4ad135924: 83e4 f0e8 | 8437 ea36 

  0x000074f4ad13592c: ;   {section_word}
  0x000074f4ad13592c: f449 ba2d | 5913 adf4 | 7400 0041 

  0x000074f4ad135938: ;   {runtime_call DeoptimizationBlob}
  0x000074f4ad135938: 52e9 62e9 | f1ff f4f4 
[/MachCode]


---------------  P R O C E S S  ---------------

Threads class SMR info:
_java_thread_list=0x000074f308006fd0, length=12, elements={
0x000074f4dc047a40, 0x000074f4dc19fe10, 0x000074f4dc1a1980, 0x000074f4dc1a3870,
0x000074f4dc1a53c0, 0x000074f4dc1a6de0, 0x000074f4dc1a89f0, 0x000074f3100adab0,
0x000074f3040019c0, 0x000074f4dc2f0ff0, 0x000074f4dc33b620, 0x000074f308005010
}

Java Threads: ( => current thread )
=>0x000074f4dc047a40 JavaThread "main"                              [_thread_in_Java, id=351164, stack(0x000074f4e3217000,0x000074f4e3317000) (1024K)]
  0x000074f4dc19fe10 JavaThread "Reference Handler"          daemon [_thread_blocked, id=351173, stack(0x000074f31e4a7000,0x000074f31e5a7000) (1024K)]
  0x000074f4dc1a1980 JavaThread "Finalizer"                  daemon [_thread_blocked, id=351174, stack(0x000074f31e3a6000,0x000074f31e4a6000) (1024K)]
  0x000074f4dc1a3870 JavaThread "Signal Dispatcher"          daemon [_thread_blocked, id=351175, stack(0x000074f31e2a5000,0x000074f31e3a5000) (1024K)]
  0x000074f4dc1a53c0 JavaThread "Service Thread"             daemon [_thread_blocked, id=351166, stack(0x000074f31e1a4000,0x000074f31e2a4000) (1024K)]
  0x000074f4dc1a6de0 JavaThread "Monitor Deflation Thread"   daemon [_thread_blocked, id=351167, stack(0x000074f31e0a3000,0x000074f31e1a3000) (1024K)]
  0x000074f4dc1a89f0 JavaThread "C1 CompilerThread0"         daemon [_thread_blocked, id=351178, stack(0x000074f31d8a2000,0x000074f31e0a2000) (8192K)]
  0x000074f3100adab0 JavaThread "C1 CompilerThread1"         daemon [_thread_blocked, id=351179, stack(0x000074f31d0a1000,0x000074f31d8a1000) (8192K)]
  0x000074f3040019c0 JavaThread "C1 CompilerThread2"         daemon [_thread_blocked, id=351180, stack(0x000074f31c8a0000,0x000074f31d0a0000) (8192K)]
  0x000074f4dc2f0ff0 JavaThread "Notification Thread"        daemon [_thread_blocked, id=351171, stack(0x000074f31c79f000,0x000074f31c89f000) (1024K)]
  0x000074f4dc33b620 JavaThread "Common-Cleaner"             daemon [_thread_blocked, id=351172, stack(0x000074f31c69e000,0x000074f31c79e000) (1024K)]
  0x000074f308005010 JavaThread "C1 CompilerThread3"         daemon [_thread_blocked, id=351181, stack(0x000074f303800000,0x000074f304000000) (8192K)]
Total: 12

Other Threads:
  0x000074f4dc12ced0 VMThread "VM Thread"                           [id=351177, stack(0x000074f31e91b000,0x000074f31f11b000) (8192K)] _threads_hazard_ptr=0x000074f308006fd0
  0x000074f4dc0cbdb0 WatcherThread "VM Periodic Task Thread"        [id=351176, stack(0x000074f31f11c000,0x000074f31f91c000) (8192K)]
  0x000074f4dc0812a0 WorkerThread "GC Thread#0"                     [id=351166, stack(0x000074f4c8207000,0x000074f4c8307000) (1024K)]
  0x000074f30c0081d0 WorkerThread "GC Thread#1"                     [id=351171, stack(0x000074f31c59d000,0x000074f31c69d000) (1024K)]
  0x000074f30c00e8e0 WorkerThread "GC Thread#2"                     [id=351172, stack(0x000074f31c49c000,0x000074f31c59c000) (1024K)]
  0x000074f30c00f7c0 WorkerThread "GC Thread#3"                     [id=351173, stack(0x000074f31c39b000,0x000074f31c49b000) (1024K)]
  0x000074f30c00e230 WorkerThread "GC Thread#4"                     [id=351174, stack(0x000074f31c29a000,0x000074f31c39a000) (1024K)]
  0x000074f30c011910 WorkerThread "GC Thread#5"                     [id=351175, stack(0x000074f31c199000,0x000074f31c299000) (1024K)]
  0x000074f4dc08e8b0 ConcurrentGCThread "G1 Main Marker"            [id=351167, stack(0x000074f4c8106000,0x000074f4c8206000) (1024K)]
  0x000074f4dc08fc50 WorkerThread "G1 Conc#0"                       [id=351168, stack(0x000074f4c8005000,0x000074f4c8105000) (1024K)]
  0x000074f4dc0bdbf0 ConcurrentGCThread "G1 Refine#0"               [id=351169, stack(0x000074f31fafa000,0x000074f31fbfa000) (1024K)]
  0x000074f4dc0befa0 ConcurrentGCThread "G1 Service"                [id=351170, stack(0x000074f31f9f9000,0x000074f31faf9000) (1024K)]
Total: 12

Threads with active compile tasks:
Total: 0

VM state: synchronizing (normal execution)

VM Mutex/Monitor currently owned by a thread:  ([mutex/lock_event])
[0x000074f4e48f7c50] Threads_lock - owner thread: 0x000074f4dc12ced0

GC Precious Log:
 CardTable entry size: 512
 Card Set container configuration: InlinePtr #cards 4 size 8 Array Of Cards #cards 32 size 80 Howl #buckets 8 coarsen threshold 7372 Howl Bitmap #cards 1024 size 144 coarsen threshold 921 Card regions per heap region 1 cards per card region 8192
 CPUs: 12 total, 12 available
 Memory: 24026M
 Large Page Support: Disabled
 NUMA Support: Disabled
 Compressed Oops: Disabled
 Heap Region Size: 4M
 Heap Min Capacity: 8M
 Heap Initial Capacity: 8M
 Heap Max Capacity: 6008M
 Pre-touch: Disabled
 Parallel Workers: 10
 Concurrent Workers: 3
 Concurrent Refinement Workers: 10
 Periodic GC: Disabled

Heap:
 garbage-first heap   total 16384K, used 4780K [0x000074f328000000, 0x000074f49f800000)
  region size 4096K, 2 young (8192K), 1 survivors (4096K)
 Metaspace       used 14745K, committed 14848K, reserved 65536K

Heap Regions: E=young(eden), S=young(survivor), O=old, HS=humongous(starts), HC=humongous(continues), CS=collection set, F=free, TAMS=top-at-mark-start, PB=parsable bottom
|   0|0x000074f328000000, 0x000074f3281967e8, 0x000074f328400000| 39%| O|  |TAMS 0x000074f328000000| PB 0x000074f328000000| Untracked 
|   1|0x000074f328400000, 0x000074f328400000, 0x000074f328800000|  0%| F|  |TAMS 0x000074f328400000| PB 0x000074f328400000| Untracked 
|   2|0x000074f328800000, 0x000074f328b132f0, 0x000074f328c00000| 76%| E|  |TAMS 0x000074f328800000| PB 0x000074f328800000| Complete 
|   3|0x000074f328c00000, 0x000074f328f148b0, 0x000074f329000000| 77%| S|CS|TAMS 0x000074f328c00000| PB 0x000074f328c00000| Complete 

Card table byte_map: [0x000074f4ac444000,0x000074f4ad000000] _byte_map_base: 0x000074ba32b04000

Marking Bits: (CMBitMap*) 0x000074f4dc0821b0
 Bits: [0x000074f322220000, 0x000074f328000000)

Polling page: 0x000074f4e4c2f000

Metaspace:

Usage:
   14.40 MB used.

Virtual space:
     64.00 MB reserved,      14.50 MB ( 23%) committed,  1 nodes.

Chunk freelists:
656.00 KB

MaxMetaspaceSize: unlimited
No class space
Initial GC threshold: 21.00 MB
Current GC threshold: 21.00 MB
CDS: off
 - commit_granule_bytes: 65536.
 - commit_granule_words: 8192.
 - virtual_space_node_default_size: 8388608.
 - enlarge_chunks_in_place: 1.
 - use_allocation_guard: 0.


Internal statistics:

num_allocs_failed_limit: 0.
num_arena_births: 32.
num_arena_deaths: 0.
num_vsnodes_births: 1.
num_vsnodes_deaths: 0.
num_space_committed: 232.
num_space_uncommitted: 0.
num_chunks_returned_to_freelist: 0.
num_chunks_taken_from_freelist: 290.
num_chunk_merges: 0.
num_chunk_splits: 222.
num_chunks_enlarged: 190.
num_inconsistent_stats: 0.

CodeCache: size=49152Kb used=4326Kb max_used=4326Kb free=44825Kb
 bounds [0x000074f4ad000000, 0x000074f4ad440000, 0x000074f4b0000000]
 total_blobs=1416, nmethods=1003, adapters=335, full_count=0
Compilation: enabled, stopped_count=0, restarted_count=0

Compilation events (20 events):
Event: 0.618 Thread 0x000074f3100adab0  993       1       com.sun.tools.javac.code.Scope::findFirst (9 bytes)
Event: 0.618 Thread 0x000074f4dc1a89f0 nmethod 991 0x000074f4ad434490 code [0x000074f4ad434640, 0x000074f4ad434800]
Event: 0.618 Thread 0x000074f308005010 nmethod 992 0x000074f4ad434910 code [0x000074f4ad434b80, 0x000074f4ad435450]
Event: 0.618 Thread 0x000074f4dc1a89f0  994       1       com.sun.tools.javac.code.Scope$ScopeImpl::findFirst (10 bytes)
Event: 0.618 Thread 0x000074f3100adab0 nmethod 993 0x000074f4ad435a90 code [0x000074f4ad435c20, 0x000074f4ad435d10]
Event: 0.618 Thread 0x000074f4dc1a89f0 nmethod 994 0x000074f4ad435d90 code [0x000074f4ad435f20, 0x000074f4ad436008]
Event: 0.618 Thread 0x000074f4dc1a89f0  995       1       com.sun.tools.javac.code.Symtab::enterClass (138 bytes)
Event: 0.619 Thread 0x000074f4dc1a89f0 nmethod 995 0x000074f4ad436110 code [0x000074f4ad436380, 0x000074f4ad436ae0]
Event: 0.621 Thread 0x000074f4dc1a89f0  997       1       jdk.internal.org.objectweb.asm.SymbolTable::addType (81 bytes)
Event: 0.621 Thread 0x000074f4dc1a89f0 nmethod 997 0x000074f4ad437190 code [0x000074f4ad437380, 0x000074f4ad437688]
Event: 0.621 Thread 0x000074f4dc1a89f0  999       1       java.util.ArrayList::size (5 bytes)
Event: 0.621 Thread 0x000074f4dc1a89f0 nmethod 999 0x000074f4ad437c10 code [0x000074f4ad437da0, 0x000074f4ad437e60]
Event: 0.622 Thread 0x000074f4dc1a89f0 1000       1       java.util.Spliterators$IteratorSpliterator::tryAdvance (77 bytes)
Event: 0.622 Thread 0x000074f4dc1a89f0 nmethod 1000 0x000074f4ad437f10 code [0x000074f4ad438100, 0x000074f4ad438400]
Event: 0.624 Thread 0x000074f4dc1a89f0 1001       1       com.sun.tools.javac.code.Symtab::getPackage (26 bytes)
Event: 0.625 Thread 0x000074f4dc1a89f0 nmethod 1001 0x000074f4ad438a90 code [0x000074f4ad438c40, 0x000074f4ad438de8]
Event: 0.625 Thread 0x000074f4dc1a89f0 1002       1       jdk.internal.org.objectweb.asm.MethodWriter::visitFieldInsn (258 bytes)
Event: 0.625 Thread 0x000074f3040019c0 1003       1       jdk.internal.org.objectweb.asm.SymbolTable::addConstantFieldref (10 bytes)
Event: 0.625 Thread 0x000074f3040019c0 nmethod 1003 0x000074f4ad438f10 code [0x000074f4ad4390a0, 0x000074f4ad439198]
Event: 0.626 Thread 0x000074f4dc1a89f0 nmethod 1002 0x000074f4ad439210 code [0x000074f4ad439400, 0x000074f4ad439830]

GC Heap History (6 events):
Event: 0.214 GC heap before
{Heap before GC invocations=0 (full 0):
 garbage-first heap   total 8192K, used 4096K [0x000074f328000000, 0x000074f49f800000)
  region size 4096K, 1 young (4096K), 0 survivors (0K)
 Metaspace       used 8762K, committed 8832K, reserved 65536K
}
Event: 0.225 GC heap after
{Heap after GC invocations=1 (full 0):
 garbage-first heap   total 8192K, used 1600K [0x000074f328000000, 0x000074f49f800000)
  region size 4096K, 1 young (4096K), 1 survivors (4096K)
 Metaspace       used 8762K, committed 8832K, reserved 65536K
}
Event: 0.456 GC heap before
{Heap before GC invocations=1 (full 0):
 garbage-first heap   total 8192K, used 1600K [0x000074f328000000, 0x000074f49f800000)
  region size 4096K, 2 young (8192K), 1 survivors (4096K)
 Metaspace       used 14300K, committed 14336K, reserved 65536K
}
Event: 0.466 GC heap after
{Heap after GC invocations=2 (full 0):
 garbage-first heap   total 12288K, used 3412K [0x000074f328000000, 0x000074f49f800000)
  region size 4096K, 1 young (4096K), 1 survivors (4096K)
 Metaspace       used 14300K, committed 14336K, reserved 65536K
}
Event: 0.572 GC heap before
{Heap before GC invocations=2 (full 0):
 garbage-first heap   total 12288K, used 7508K [0x000074f328000000, 0x000074f49f800000)
  region size 4096K, 2 young (8192K), 1 survivors (4096K)
 Metaspace       used 14668K, committed 14720K, reserved 65536K
}
Event: 0.587 GC heap after
{Heap after GC invocations=3 (full 0):
 garbage-first heap   total 16384K, used 4780K [0x000074f328000000, 0x000074f49f800000)
  region size 4096K, 1 young (4096K), 1 survivors (4096K)
 Metaspace       used 14668K, committed 14720K, reserved 65536K
}

Dll operation events (4 events):
Event: 0.002 Loaded shared library /home/ubuntu/jvm_libapth/jdk21u/build/linux-x86_64-server-release/images/jdk/lib/libjava.so
Event: 0.111 Loaded shared library /home/ubuntu/jvm_libapth/jdk21u/build/linux-x86_64-server-release/images/jdk/lib/libnio.so
Event: 0.113 Loaded shared library /home/ubuntu/jvm_libapth/jdk21u/build/linux-x86_64-server-release/images/jdk/lib/libjimage.so
Event: 0.413 Loaded shared library /home/ubuntu/jvm_libapth/jdk21u/build/linux-x86_64-server-release/images/jdk/lib/libnet.so

Deoptimization events (0 events):
No events

Classes loaded (20 events):
Event: 0.536 Loading class java/util/stream/Node$OfPrimitive
Event: 0.536 Loading class java/util/stream/Node$OfPrimitive done
Event: 0.536 Loading class java/util/stream/Node$OfInt done
Event: 0.536 Loading class java/util/stream/Nodes$EmptyNode$OfInt done
Event: 0.536 Loading class java/util/stream/Nodes$EmptyNode$OfLong
Event: 0.536 Loading class java/util/stream/Node$OfLong
Event: 0.536 Loading class java/util/stream/Node$OfLong done
Event: 0.536 Loading class java/util/stream/Nodes$EmptyNode$OfLong done
Event: 0.536 Loading class java/util/stream/Nodes$EmptyNode$OfDouble
Event: 0.536 Loading class java/util/stream/Node$OfDouble
Event: 0.536 Loading class java/util/stream/Node$OfDouble done
Event: 0.536 Loading class java/util/stream/Nodes$EmptyNode$OfDouble done
Event: 0.536 Loading class java/util/stream/Nodes$SpinedNodeBuilder
Event: 0.536 Loading class java/util/stream/Node$Builder
Event: 0.537 Loading class java/util/stream/Node$Builder done
Event: 0.537 Loading class java/util/stream/Nodes$SpinedNodeBuilder done
Event: 0.537 Loading class sun/nio/fs/UnixException
Event: 0.537 Loading class sun/nio/fs/UnixException done
Event: 0.620 Loading class java/util/LinkedList$Node
Event: 0.620 Loading class java/util/LinkedList$Node done

Classes unloaded (0 events):
No events

Classes redefined (0 events):
No events

Internal exceptions (14 events):
Event: 0.172 Thread 0x000074f4dc047a40 Exception <a 'java/lang/NoSuchMethodError'{0x000074f32870e2a8}: 'void java.lang.invoke.DirectMethodHandle$Holder.invokeSpecial(java.lang.Object, java.lang.Object, java.lang.Object)'> (0x000074f32870e2a8) 
thrown [src/hotspot/share/interpreter/linkResolver.cpp, line 772]
Event: 0.186 Thread 0x000074f4dc047a40 Exception <a 'java/lang/NoSuchMethodError'{0x000074f328763078}: 'int java.lang.invoke.DirectMethodHandle$Holder.invokeVirtual(java.lang.Object, java.lang.Object, java.lang.Object)'> (0x000074f328763078) 
thrown [src/hotspot/share/interpreter/linkResolver.cpp, line 772]
Event: 0.187 Thread 0x000074f4dc047a40 Exception <a 'java/lang/NoSuchMethodError'{0x000074f32876ae38}: 'void java.lang.invoke.DirectMethodHandle$Holder.invokeInterface(java.lang.Object, java.lang.Object, java.lang.Object)'> (0x000074f32876ae38) 
thrown [src/hotspot/share/interpreter/linkResolver.cpp, line 772]
Event: 0.293 Thread 0x000074f4dc047a40 Exception <a 'java/lang/NoSuchMethodError'{0x000074f3284e23c8}: 'int java.lang.invoke.DirectMethodHandle$Holder.invokeStaticInit(java.lang.Object, java.lang.Object)'> (0x000074f3284e23c8) 
thrown [src/hotspot/share/interpreter/linkResolver.cpp, line 772]
Event: 0.369 Thread 0x000074f4dc047a40 Exception <a 'java/lang/NoSuchMethodError'{0x000074f3285cb008}: 'int java.lang.invoke.DirectMethodHandle$Holder.invokeVirtual(java.lang.Object, java.lang.Object)'> (0x000074f3285cb008) 
thrown [src/hotspot/share/interpreter/linkResolver.cpp, line 772]
Event: 0.374 Thread 0x000074f4dc047a40 Exception <a 'java/lang/NoSuchMethodError'{0x000074f3285fa4a8}: 'java.lang.Object java.lang.invoke.DirectMethodHandle$Holder.newInvokeSpecial(java.lang.Object, java.lang.Object, java.lang.Object, java.lang.Object, java.lang.Object)'> (0x000074f3285fa4a8) 
thrown [src/hotspot/share/interpreter/linkResolver.cpp, line 772]
Event: 0.376 Thread 0x000074f4dc047a40 Exception <a 'java/lang/NoSuchMethodError'{0x000074f32860c3f0}: 'java.lang.Object java.lang.invoke.DirectMethodHandle$Holder.newInvokeSpecial(java.lang.Object, java.lang.Object, java.lang.Object, java.lang.Object, java.lang.Object, java.lang.Object)'> (0x000074f32860c3f0) 
thrown [src/hotspot/share/interpreter/linkResolver.cpp, line 772]
Event: 0.391 Thread 0x000074f4dc047a40 Exception <a 'java/lang/NoSuchMethodError'{0x000074f32866c9d8}: 'java.lang.Object java.lang.invoke.DirectMethodHandle$Holder.invokeVirtual(java.lang.Object, java.lang.Object, java.lang.Object)'> (0x000074f32866c9d8) 
thrown [src/hotspot/share/interpreter/linkResolver.cpp, line 772]
Event: 0.392 Thread 0x000074f4dc047a40 Exception <a 'java/lang/NoSuchMethodError'{0x000074f328679fc0}: 'int java.lang.invoke.DirectMethodHandle$Holder.invokeInterface(java.lang.Object, java.lang.Object)'> (0x000074f328679fc0) 
thrown [src/hotspot/share/interpreter/linkResolver.cpp, line 772]
Event: 0.467 Thread 0x000074f4dc047a40 Exception <a 'java/lang/NoSuchMethodError'{0x000074f328407100}: 'java.lang.Object java.lang.invoke.DirectMethodHandle$Holder.invokeSpecial(java.lang.Object, java.lang.Object, java.lang.Object, int, int)'> (0x000074f328407100) 
thrown [src/hotspot/share/interpreter/linkResolver.cpp, line 772]
Event: 0.467 Thread 0x000074f4dc047a40 Exception <a 'java/lang/NoSuchMethodError'{0x000074f32840f828}: 'java.lang.Object java.lang.invoke.DirectMethodHandle$Holder.invokeVirtual(java.lang.Object, java.lang.Object, int)'> (0x000074f32840f828) 
thrown [src/hotspot/share/interpreter/linkResolver.cpp, line 772]
Event: 0.533 Thread 0x000074f4dc047a40 Exception <a 'java/lang/NoSuchMethodError'{0x000074f328636960}: 'void java.lang.invoke.DirectMethodHandle$Holder.invokeStatic(java.lang.Object, java.lang.Object)'> (0x000074f328636960) 
thrown [src/hotspot/share/interpreter/linkResolver.cpp, line 772]
Event: 0.621 Thread 0x000074f4dc047a40 Exception <a 'java/lang/NoSuchMethodError'{0x000074f328add418}: 'java.lang.Object java.lang.invoke.DirectMethodHandle$Holder.invokeVirtual(java.lang.Object, java.lang.Object, java.lang.Object, int, int)'> (0x000074f328add418) 
thrown [src/hotspot/share/interpreter/linkResolver.cpp, line 772]
Event: 0.621 Thread 0x000074f4dc047a40 Exception <a 'java/lang/NoSuchMethodError'{0x000074f328ae88a0}: 'int java.lang.invoke.DirectMethodHandle$Holder.invokeSpecial(java.lang.Object, java.lang.Object, java.lang.Object)'> (0x000074f328ae88a0) 
thrown [src/hotspot/share/interpreter/linkResolver.cpp, line 772]

ZGC Phase Switch (0 events):
No events

VM Operations (14 events):
Event: 0.090 Executing non-safepoint VM operation: HandshakeAllThreads (Deoptimize)
Event: 0.090 Executing non-safepoint VM operation: HandshakeAllThreads (Deoptimize) done
Event: 0.203 Executing non-safepoint VM operation: HandshakeAllThreads (Deoptimize)
Event: 0.203 Executing non-safepoint VM operation: HandshakeAllThreads (Deoptimize) done
Event: 0.214 Executing safepoint VM operation: G1CollectForAllocation (G1 Evacuation Pause)
Event: 0.225 Executing safepoint VM operation: G1CollectForAllocation (G1 Evacuation Pause) done
Event: 0.395 Executing non-safepoint VM operation: HandshakeAllThreads (Deoptimize)
Event: 0.395 Executing non-safepoint VM operation: HandshakeAllThreads (Deoptimize) done
Event: 0.428 Executing non-safepoint VM operation: HandshakeAllThreads (Deoptimize)
Event: 0.428 Executing non-safepoint VM operation: HandshakeAllThreads (Deoptimize) done
Event: 0.454 Executing safepoint VM operation: G1CollectForAllocation (G1 Evacuation Pause)
Event: 0.466 Executing safepoint VM operation: G1CollectForAllocation (G1 Evacuation Pause) done
Event: 0.572 Executing safepoint VM operation: G1CollectForAllocation (G1 Evacuation Pause)
Event: 0.587 Executing safepoint VM operation: G1CollectForAllocation (G1 Evacuation Pause) done

Memory protections (12 events):
Event: 0.002 Protecting memory [0x000074f4e3217000,0x000074f4e321b000] with protection modes 0
Event: 0.035 Protecting memory [0x000074f31e4a7000,0x000074f31e4ab000] with protection modes 0
Event: 0.035 Protecting memory [0x000074f31e3a6000,0x000074f31e3aa000] with protection modes 0
Event: 0.041 Protecting memory [0x000074f31e2a5000,0x000074f31e2a9000] with protection modes 0
Event: 0.042 Protecting memory [0x000074f31e1a4000,0x000074f31e1a8000] with protection modes 0
Event: 0.042 Protecting memory [0x000074f31e0a3000,0x000074f31e0a7000] with protection modes 0
Event: 0.042 Protecting memory [0x000074f31d8a2000,0x000074f31d8a6000] with protection modes 0
Event: 0.090 Protecting memory [0x000074f31d0a1000,0x000074f31d0a5000] with protection modes 0
Event: 0.094 Protecting memory [0x000074f31c8a0000,0x000074f31c8a4000] with protection modes 0
Event: 0.108 Protecting memory [0x000074f31c79f000,0x000074f31c7a3000] with protection modes 0
Event: 0.153 Protecting memory [0x000074f31c69e000,0x000074f31c6a2000] with protection modes 0
Event: 0.249 Protecting memory [0x000074f303800000,0x000074f303804000] with protection modes 0

Nmethod flushes (0 events):
No events

Events (12 events):
Event: 0.008 Thread 0x000074f4dc047a40 Thread added: 0x000074f4dc047a40
Event: 0.035 Thread 0x000074f4dc047a40 Thread added: 0x000074f4dc19fe10
Event: 0.035 Thread 0x000074f4dc047a40 Thread added: 0x000074f4dc1a1980
Event: 0.041 Thread 0x000074f4dc047a40 Thread added: 0x000074f4dc1a3870
Event: 0.041 Thread 0x000074f4dc047a40 Thread added: 0x000074f4dc1a53c0
Event: 0.042 Thread 0x000074f4dc047a40 Thread added: 0x000074f4dc1a6de0
Event: 0.042 Thread 0x000074f4dc047a40 Thread added: 0x000074f4dc1a89f0
Event: 0.090 Thread 0x000074f4dc1a89f0 Thread added: 0x000074f3100adab0
Event: 0.094 Thread 0x000074f3100adab0 Thread added: 0x000074f3040019c0
Event: 0.107 Thread 0x000074f4dc047a40 Thread added: 0x000074f4dc2f0ff0
Event: 0.153 Thread 0x000074f4dc047a40 Thread added: 0x000074f4dc33b620
Event: 0.249 Thread 0x000074f3040019c0 Thread added: 0x000074f308005010


Dynamic libraries:
6518e5aaa000-6518e5aab000 r--p 00000000 08:01 7120679                    /home/ubuntu/jvm_libapth/jdk21u/build/linux-x86_64-server-release/images/jdk/bin/javac
6518e5aab000-6518e5aac000 r-xp 00001000 08:01 7120679                    /home/ubuntu/jvm_libapth/jdk21u/build/linux-x86_64-server-release/images/jdk/bin/javac
6518e5aac000-6518e5aad000 r--p 00002000 08:01 7120679                    /home/ubuntu/jvm_libapth/jdk21u/build/linux-x86_64-server-release/images/jdk/bin/javac
6518e5aad000-6518e5aae000 r--p 00002000 08:01 7120679                    /home/ubuntu/jvm_libapth/jdk21u/build/linux-x86_64-server-release/images/jdk/bin/javac
6518e5aae000-6518e5aaf000 rw-p 00003000 08:01 7120679                    /home/ubuntu/jvm_libapth/jdk21u/build/linux-x86_64-server-release/images/jdk/bin/javac
65190cf5d000-65190cfa4000 rw-p 00000000 00:00 0                          [heap]
74f2fc000000-74f2fc021000 rw-p 00000000 00:00 0 
74f2fc021000-74f300000000 ---p 00000000 00:00 0 
74f303069000-74f3037ff000 rw-p 00000000 00:00 0 
74f3037ff000-74f303800000 ---p 00000000 00:00 0 
74f303800000-74f303804000 ---p 00000000 00:00 0 
74f303804000-74f304000000 rw-p 00000000 00:00 0 
74f304000000-74f3040f6000 rw-p 00000000 00:00 0 
74f3040f6000-74f308000000 ---p 00000000 00:00 0 
74f308000000-74f30802e000 rw-p 00000000 00:00 0 
74f30802e000-74f30c000000 ---p 00000000 00:00 0 
74f30c000000-74f30c021000 rw-p 00000000 00:00 0 
74f30c021000-74f310000000 ---p 00000000 00:00 0 
74f310000000-74f3101e6000 rw-p 00000000 00:00 0 
74f3101e6000-74f314000000 ---p 00000000 00:00 0 
74f314000000-74f3144f0000 rw-p 00000000 00:00 0 
74f3144f0000-74f314510000 rw-p 00000000 00:00 0 
74f314510000-74f314530000 rw-p 00000000 00:00 0 
74f314530000-74f314570000 rw-p 00000000 00:00 0 
74f314570000-74f3146f0000 rw-p 00000000 00:00 0 
74f3146f0000-74f3147f0000 rw-p 00000000 00:00 0 
74f3147f0000-74f314cf0000 rw-p 00000000 00:00 0 
74f314cf0000-74f314df0000 rw-p 00000000 00:00 0 
74f314df0000-74f314e60000 rw-p 00000000 00:00 0 
74f314e60000-74f314f00000 ---p 00000000 00:00 0 
74f314f00000-74f314f20000 rw-p 00000000 00:00 0 
74f314f20000-74f318000000 ---p 00000000 00:00 0 
74f318000000-74f318021000 rw-p 00000000 00:00 0 
74f318021000-74f31c000000 ---p 00000000 00:00 0 
74f31c009000-74f31c198000 rw-p 00000000 00:00 0 
74f31c198000-74f31c199000 ---p 00000000 00:00 0 
74f31c199000-74f31c299000 rw-p 00000000 00:00 0 
74f31c299000-74f31c29a000 ---p 00000000 00:00 0 
74f31c29a000-74f31c39a000 rw-p 00000000 00:00 0 
74f31c39a000-74f31c39b000 ---p 00000000 00:00 0 
74f31c39b000-74f31c49b000 rw-p 00000000 00:00 0 
74f31c49b000-74f31c49c000 ---p 00000000 00:00 0 
74f31c49c000-74f31c59c000 rw-p 00000000 00:00 0 
74f31c59c000-74f31c59d000 ---p 00000000 00:00 0 
74f31c59d000-74f31c69d000 rw-p 00000000 00:00 0 
74f31c69d000-74f31c69e000 ---p 00000000 00:00 0 
74f31c69e000-74f31c6a2000 ---p 00000000 00:00 0 
74f31c6a2000-74f31c79e000 rw-p 00000000 00:00 0 
74f31c79e000-74f31c79f000 ---p 00000000 00:00 0 
74f31c79f000-74f31c7a3000 ---p 00000000 00:00 0 
74f31c7a3000-74f31c89f000 rw-p 00000000 00:00 0 
74f31c89f000-74f31c8a0000 ---p 00000000 00:00 0 
74f31c8a0000-74f31c8a4000 ---p 00000000 00:00 0 
74f31c8a4000-74f31d0a0000 rw-p 00000000 00:00 0 
74f31d0a0000-74f31d0a1000 ---p 00000000 00:00 0 
74f31d0a1000-74f31d0a5000 ---p 00000000 00:00 0 
74f31d0a5000-74f31d8a1000 rw-p 00000000 00:00 0 
74f31d8a1000-74f31d8a2000 ---p 00000000 00:00 0 
74f31d8a2000-74f31d8a6000 ---p 00000000 00:00 0 
74f31d8a6000-74f31e0a2000 rw-p 00000000 00:00 0 
74f31e0a2000-74f31e0a3000 ---p 00000000 00:00 0 
74f31e0a3000-74f31e0a7000 ---p 00000000 00:00 0 
74f31e0a7000-74f31e1a3000 rw-p 00000000 00:00 0 
74f31e1a3000-74f31e1a4000 ---p 00000000 00:00 0 
74f31e1a4000-74f31e1a8000 ---p 00000000 00:00 0 
74f31e1a8000-74f31e2a4000 rw-p 00000000 00:00 0 
74f31e2a4000-74f31e2a5000 ---p 00000000 00:00 0 
74f31e2a5000-74f31e2a9000 ---p 00000000 00:00 0 
74f31e2a9000-74f31e3a5000 rw-p 00000000 00:00 0 
74f31e3a5000-74f31e3a6000 ---p 00000000 00:00 0 
74f31e3a6000-74f31e3aa000 ---p 00000000 00:00 0 
74f31e3aa000-74f31e4a6000 rw-p 00000000 00:00 0 
74f31e4a6000-74f31e4a7000 ---p 00000000 00:00 0 
74f31e4a7000-74f31e4ab000 ---p 00000000 00:00 0 
74f31e4ab000-74f31e5a7000 rw-p 00000000 00:00 0 
74f31e5a7000-74f31e600000 r--p 00000000 08:01 1876                       /usr/lib/locale/C.utf8/LC_CTYPE
74f31e600000-74f31e8eb000 r--p 00000000 08:01 2918                       /usr/lib/locale/locale-archive
74f31e91a000-74f31e91b000 ---p 00000000 00:00 0 
74f31e91b000-74f31f11b000 rw-p 00000000 00:00 0 
74f31f11b000-74f31f11c000 ---p 00000000 00:00 0 
74f31f11c000-74f31f91c000 rw-p 00000000 00:00 0 
74f31f91c000-74f31f9f8000 rw-p 00000000 00:00 0 
74f31f9f8000-74f31f9f9000 ---p 00000000 00:00 0 
74f31f9f9000-74f31faf9000 rw-p 00000000 00:00 0 
74f31faf9000-74f31fafa000 ---p 00000000 00:00 0 
74f31fafa000-74f322200000 rw-p 00000000 00:00 0 
74f322220000-74f322260000 rw-p 00000000 00:00 0 
74f322260000-74f328000000 ---p 00000000 00:00 0 
74f328000000-74f329000000 rw-p 00000000 00:00 0 
74f329000000-74f49f800000 ---p 00000000 00:00 0 
74f49f800000-74f4a7fb9000 r--s 00000000 08:01 7120596                    /home/ubuntu/jvm_libapth/jdk21u/build/linux-x86_64-server-release/images/jdk/lib/modules
74f4a7fbf000-74f4a8021000 rw-p 00000000 00:00 0 
74f4a8021000-74f4ac000000 ---p 00000000 00:00 0 
74f4ac031000-74f4ac034000 r--p 00000000 08:01 7120635                    /home/ubuntu/jvm_libapth/jdk21u/build/linux-x86_64-server-release/images/jdk/lib/libnet.so
74f4ac034000-74f4ac03c000 r-xp 00003000 08:01 7120635                    /home/ubuntu/jvm_libapth/jdk21u/build/linux-x86_64-server-release/images/jdk/lib/libnet.so
74f4ac03c000-74f4ac03e000 r--p 0000b000 08:01 7120635                    /home/ubuntu/jvm_libapth/jdk21u/build/linux-x86_64-server-release/images/jdk/lib/libnet.so
74f4ac03e000-74f4ac03f000 r--p 0000c000 08:01 7120635                    /home/ubuntu/jvm_libapth/jdk21u/build/linux-x86_64-server-release/images/jdk/lib/libnet.so
74f4ac03f000-74f4ac040000 rw-p 0000d000 08:01 7120635                    /home/ubuntu/jvm_libapth/jdk21u/build/linux-x86_64-server-release/images/jdk/lib/libnet.so
74f4ac040000-74f4ac44c000 rw-p 00000000 00:00 0 
74f4ac44c000-74f4ad000000 ---p 00000000 00:00 0 
74f4ad000000-74f4ad440000 rwxp 00000000 00:00 0 
74f4ad440000-74f4b0000000 ---p 00000000 00:00 0 
74f4b0000000-74f4b004a000 rw-p 00000000 00:00 0 
74f4b004a000-74f4b4000000 ---p 00000000 00:00 0 
74f4b4000000-74f4b4021000 rw-p 00000000 00:00 0 
74f4b4021000-74f4b8000000 ---p 00000000 00:00 0 
74f4b8000000-74f4b8021000 rw-p 00000000 00:00 0 
74f4b8021000-74f4bc000000 ---p 00000000 00:00 0 
74f4bc000000-74f4bc021000 rw-p 00000000 00:00 0 
74f4bc021000-74f4c0000000 ---p 00000000 00:00 0 
74f4c0000000-74f4c02f0000 rw-p 00000000 00:00 0 
74f4c02f0000-74f4c4000000 ---p 00000000 00:00 0 
74f4c4000000-74f4c4021000 rw-p 00000000 00:00 0 
74f4c4021000-74f4c8000000 ---p 00000000 00:00 0 
74f4c8004000-74f4c8005000 ---p 00000000 00:00 0 
74f4c8005000-74f4c8105000 rw-p 00000000 00:00 0 
74f4c8105000-74f4c8106000 ---p 00000000 00:00 0 
74f4c8106000-74f4c8206000 rw-p 00000000 00:00 0 
74f4c8206000-74f4c8207000 ---p 00000000 00:00 0 
74f4c8207000-74f4c833e000 rw-p 00000000 00:00 0 
74f4c833e000-74f4c8ef2000 ---p 00000000 00:00 0 
74f4c8ef2000-74f4c97fb000 rw-p 00000000 00:00 0 
74f4c97fb000-74f4c97fc000 ---p 00000000 00:00 0 
74f4c97fc000-74f4c9ffc000 rw-p 00000000 00:00 0 
74f4c9ffc000-74f4c9ffd000 ---p 00000000 00:00 0 
74f4c9ffd000-74f4ca7fd000 rw-p 00000000 00:00 0 
74f4ca7fd000-74f4ca7fe000 ---p 00000000 00:00 0 
74f4ca7fe000-74f4caffe000 rw-p 00000000 00:00 0 
74f4caffe000-74f4cafff000 ---p 00000000 00:00 0 
74f4cafff000-74f4cb7ff000 rw-p 00000000 00:00 0 
74f4cb7ff000-74f4cb800000 ---p 00000000 00:00 0 
74f4cb800000-74f4cc000000 rw-p 00000000 00:00 0 
74f4cc000000-74f4cc021000 rw-p 00000000 00:00 0 
74f4cc021000-74f4d0000000 ---p 00000000 00:00 0 
74f4d0000000-74f4d0021000 rw-p 00000000 00:00 0 
74f4d0021000-74f4d4000000 ---p 00000000 00:00 0 
74f4d4000000-74f4d4021000 rw-p 00000000 00:00 0 
74f4d4021000-74f4d8000000 ---p 00000000 00:00 0 
74f4d8000000-74f4d8021000 rw-p 00000000 00:00 0 
74f4d8021000-74f4dc000000 ---p 00000000 00:00 0 
74f4dc000000-74f4dc667000 rw-p 00000000 00:00 0 
74f4dc667000-74f4e0000000 ---p 00000000 00:00 0 
74f4e000a000-74f4e0011000 r--p 00000000 08:01 7120636                    /home/ubuntu/jvm_libapth/jdk21u/build/linux-x86_64-server-release/images/jdk/lib/libnio.so
74f4e0011000-74f4e001a000 r-xp 00007000 08:01 7120636                    /home/ubuntu/jvm_libapth/jdk21u/build/linux-x86_64-server-release/images/jdk/lib/libnio.so
74f4e001a000-74f4e001e000 r--p 00010000 08:01 7120636                    /home/ubuntu/jvm_libapth/jdk21u/build/linux-x86_64-server-release/images/jdk/lib/libnio.so
74f4e001e000-74f4e001f000 r--p 00014000 08:01 7120636                    /home/ubuntu/jvm_libapth/jdk21u/build/linux-x86_64-server-release/images/jdk/lib/libnio.so
74f4e001f000-74f4e0020000 rw-p 00015000 08:01 7120636                    /home/ubuntu/jvm_libapth/jdk21u/build/linux-x86_64-server-release/images/jdk/lib/libnio.so
74f4e0020000-74f4e01ba000 rw-p 00000000 00:00 0 
74f4e01ba000-74f4e0211000 ---p 00000000 00:00 0 
74f4e0211000-74f4e0212000 ---p 00000000 00:00 0 
74f4e0212000-74f4e0a12000 rw-p 00000000 00:00 0 
74f4e0a12000-74f4e0a13000 ---p 00000000 00:00 0 
74f4e0a13000-74f4e1213000 rw-p 00000000 00:00 0 
74f4e1213000-74f4e1214000 ---p 00000000 00:00 0 
74f4e1214000-74f4e1a14000 rw-p 00000000 00:00 0 
74f4e1a14000-74f4e1a15000 ---p 00000000 00:00 0 
74f4e1a15000-74f4e2215000 rw-p 00000000 00:00 0 
74f4e2215000-74f4e2216000 ---p 00000000 00:00 0 
74f4e2216000-74f4e2a16000 rw-p 00000000 00:00 0 
74f4e2a16000-74f4e2a17000 ---p 00000000 00:00 0 
74f4e2a17000-74f4e3217000 rw-p 00000000 00:00 0 
74f4e3217000-74f4e321b000 ---p 00000000 00:00 0 
74f4e321b000-74f4e3317000 rw-p 00000000 00:00 0 
74f4e3317000-74f4e3327000 r--p 00000000 08:01 8482                       /usr/lib/x86_64-linux-gnu/libm.so.6
74f4e3327000-74f4e33a6000 r-xp 00010000 08:01 8482                       /usr/lib/x86_64-linux-gnu/libm.so.6
74f4e33a6000-74f4e33fe000 r--p 0008f000 08:01 8482                       /usr/lib/x86_64-linux-gnu/libm.so.6
74f4e33fe000-74f4e33ff000 r--p 000e7000 08:01 8482                       /usr/lib/x86_64-linux-gnu/libm.so.6
74f4e33ff000-74f4e3400000 rw-p 000e8000 08:01 8482                       /usr/lib/x86_64-linux-gnu/libm.so.6
74f4e3400000-74f4e36a1000 r--p 00000000 08:01 7120647                    /home/ubuntu/jvm_libapth/jdk21u/build/linux-x86_64-server-release/images/jdk/lib/server/libjvm.so
74f4e36a1000-74f4e44db000 r-xp 002a1000 08:01 7120647                    /home/ubuntu/jvm_libapth/jdk21u/build/linux-x86_64-server-release/images/jdk/lib/server/libjvm.so
74f4e44db000-74f4e47c4000 r--p 010db000 08:01 7120647                    /home/ubuntu/jvm_libapth/jdk21u/build/linux-x86_64-server-release/images/jdk/lib/server/libjvm.so
74f4e47c4000-74f4e4897000 r--p 013c4000 08:01 7120647                    /home/ubuntu/jvm_libapth/jdk21u/build/linux-x86_64-server-release/images/jdk/lib/server/libjvm.so
74f4e4897000-74f4e48c7000 rw-p 01497000 08:01 7120647                    /home/ubuntu/jvm_libapth/jdk21u/build/linux-x86_64-server-release/images/jdk/lib/server/libjvm.so
74f4e48c7000-74f4e492d000 rw-p 00000000 00:00 0 
74f4e493b000-74f4e4948000 r--p 00000000 08:01 7120631                    /home/ubuntu/jvm_libapth/jdk21u/build/linux-x86_64-server-release/images/jdk/lib/libjava.so
74f4e4948000-74f4e4957000 r-xp 0000d000 08:01 7120631                    /home/ubuntu/jvm_libapth/jdk21u/build/linux-x86_64-server-release/images/jdk/lib/libjava.so
74f4e4957000-74f4e495c000 r--p 0001c000 08:01 7120631                    /home/ubuntu/jvm_libapth/jdk21u/build/linux-x86_64-server-release/images/jdk/lib/libjava.so
74f4e495c000-74f4e495d000 r--p 00021000 08:01 7120631                    /home/ubuntu/jvm_libapth/jdk21u/build/linux-x86_64-server-release/images/jdk/lib/libjava.so
74f4e495d000-74f4e495e000 rw-p 00022000 08:01 7120631                    /home/ubuntu/jvm_libapth/jdk21u/build/linux-x86_64-server-release/images/jdk/lib/libjava.so
74f4e495e000-74f4e495f000 rw-p 00000000 00:00 0 
74f4e495f000-74f4e4963000 r--p 00000000 08:01 7120632                    /home/ubuntu/jvm_libapth/jdk21u/build/linux-x86_64-server-release/images/jdk/lib/libjimage.so
74f4e4963000-74f4e497a000 r-xp 00004000 08:01 7120632                    /home/ubuntu/jvm_libapth/jdk21u/build/linux-x86_64-server-release/images/jdk/lib/libjimage.so
74f4e497a000-74f4e497f000 r--p 0001b000 08:01 7120632                    /home/ubuntu/jvm_libapth/jdk21u/build/linux-x86_64-server-release/images/jdk/lib/libjimage.so
74f4e497f000-74f4e4981000 r--p 00020000 08:01 7120632                    /home/ubuntu/jvm_libapth/jdk21u/build/linux-x86_64-server-release/images/jdk/lib/libjimage.so
74f4e4981000-74f4e4982000 rw-p 00022000 08:01 7120632                    /home/ubuntu/jvm_libapth/jdk21u/build/linux-x86_64-server-release/images/jdk/lib/libjimage.so
74f4e4982000-74f4e4987000 r--p 00000000 08:01 4781451                    /home/ubuntu/jvm_libapth/libapth/build/lib/libapth.so
74f4e4987000-74f4e49a6000 r-xp 00005000 08:01 4781451                    /home/ubuntu/jvm_libapth/libapth/build/lib/libapth.so
74f4e49a6000-74f4e49b1000 r--p 00024000 08:01 4781451                    /home/ubuntu/jvm_libapth/libapth/build/lib/libapth.so
74f4e49b1000-74f4e49b2000 r--p 0002e000 08:01 4781451                    /home/ubuntu/jvm_libapth/libapth/build/lib/libapth.so
74f4e49b2000-74f4e49b3000 rw-p 0002f000 08:01 4781451                    /home/ubuntu/jvm_libapth/libapth/build/lib/libapth.so
74f4e49b3000-74f4e49e4000 rw-p 00000000 00:00 0 
74f4e49e4000-74f4e49e6000 r--p 00000000 08:01 5152                       /usr/lib/x86_64-linux-gnu/libz.so.1.3
74f4e49e6000-74f4e49f8000 r-xp 00002000 08:01 5152                       /usr/lib/x86_64-linux-gnu/libz.so.1.3
74f4e49f8000-74f4e49fe000 r--p 00014000 08:01 5152                       /usr/lib/x86_64-linux-gnu/libz.so.1.3
74f4e49fe000-74f4e49ff000 r--p 0001a000 08:01 5152                       /usr/lib/x86_64-linux-gnu/libz.so.1.3
74f4e49ff000-74f4e4a00000 rw-p 0001b000 08:01 5152                       /usr/lib/x86_64-linux-gnu/libz.so.1.3
74f4e4a00000-74f4e4a28000 r--p 00000000 08:01 8479                       /usr/lib/x86_64-linux-gnu/libc.so.6
74f4e4a28000-74f4e4bb0000 r-xp 00028000 08:01 8479                       /usr/lib/x86_64-linux-gnu/libc.so.6
74f4e4bb0000-74f4e4bff000 r--p 001b0000 08:01 8479                       /usr/lib/x86_64-linux-gnu/libc.so.6
74f4e4bff000-74f4e4c03000 r--p 001fe000 08:01 8479                       /usr/lib/x86_64-linux-gnu/libc.so.6
74f4e4c03000-74f4e4c05000 rw-p 00202000 08:01 8479                       /usr/lib/x86_64-linux-gnu/libc.so.6
74f4e4c05000-74f4e4c12000 rw-p 00000000 00:00 0 
74f4e4c13000-74f4e4c14000 r--p 00000000 08:01 1882                       /usr/lib/locale/C.utf8/LC_NUMERIC
74f4e4c14000-74f4e4c15000 r--p 00000000 08:01 1885                       /usr/lib/locale/C.utf8/LC_TIME
74f4e4c15000-74f4e4c16000 r--p 00000000 08:01 1875                       /usr/lib/locale/C.utf8/LC_COLLATE
74f4e4c16000-74f4e4c17000 r--p 00000000 08:01 1880                       /usr/lib/locale/C.utf8/LC_MONETARY
74f4e4c17000-74f4e4c18000 r--p 00000000 08:01 1879                       /usr/lib/locale/C.utf8/LC_MESSAGES/SYS_LC_MESSAGES
74f4e4c18000-74f4e4c19000 r--p 00000000 08:01 1883                       /usr/lib/locale/C.utf8/LC_PAPER
74f4e4c19000-74f4e4c20000 r--s 00000000 08:01 8468                       /usr/lib/x86_64-linux-gnu/gconv/gconv-modules.cache
74f4e4c20000-74f4e4c28000 rw-s 00000000 08:01 2418917                    /tmp/hsperfdata_ubuntu/351163
74f4e4c28000-74f4e4c2a000 rw-p 00000000 00:00 0 
74f4e4c2a000-74f4e4c2b000 r--p 00000000 08:01 1881                       /usr/lib/locale/C.utf8/LC_NAME
74f4e4c2b000-74f4e4c2c000 r--p 00000000 08:01 1874                       /usr/lib/locale/C.utf8/LC_ADDRESS
74f4e4c2c000-74f4e4c2d000 r--p 00000000 08:01 1884                       /usr/lib/locale/C.utf8/LC_TELEPHONE
74f4e4c2d000-74f4e4c2e000 r--p 00000000 08:01 1878                       /usr/lib/locale/C.utf8/LC_MEASUREMENT
74f4e4c2e000-74f4e4c2f000 r--p 00000000 08:01 1877                       /usr/lib/locale/C.utf8/LC_IDENTIFICATION
74f4e4c2f000-74f4e4c30000 ---p 00000000 00:00 0 
74f4e4c30000-74f4e4c31000 r--p 00000000 00:00 0 
74f4e4c31000-74f4e4c32000 ---p 00000000 00:00 0 
74f4e4c32000-74f4e4c34000 r--p 00000000 08:01 7120633                    /home/ubuntu/jvm_libapth/jdk21u/build/linux-x86_64-server-release/images/jdk/lib/libjli.so
74f4e4c34000-74f4e4c3e000 r-xp 00002000 08:01 7120633                    /home/ubuntu/jvm_libapth/jdk21u/build/linux-x86_64-server-release/images/jdk/lib/libjli.so
74f4e4c3e000-74f4e4c41000 r--p 0000c000 08:01 7120633                    /home/ubuntu/jvm_libapth/jdk21u/build/linux-x86_64-server-release/images/jdk/lib/libjli.so
74f4e4c41000-74f4e4c42000 r--p 0000f000 08:01 7120633                    /home/ubuntu/jvm_libapth/jdk21u/build/linux-x86_64-server-release/images/jdk/lib/libjli.so
74f4e4c42000-74f4e4c43000 rw-p 00010000 08:01 7120633                    /home/ubuntu/jvm_libapth/jdk21u/build/linux-x86_64-server-release/images/jdk/lib/libjli.so
74f4e4c43000-74f4e4c45000 rw-p 00000000 00:00 0 
74f4e4c45000-74f4e4c46000 r--p 00000000 08:01 8476                       /usr/lib/x86_64-linux-gnu/ld-linux-x86-64.so.2
74f4e4c46000-74f4e4c71000 r-xp 00001000 08:01 8476                       /usr/lib/x86_64-linux-gnu/ld-linux-x86-64.so.2
74f4e4c71000-74f4e4c7b000 r--p 0002c000 08:01 8476                       /usr/lib/x86_64-linux-gnu/ld-linux-x86-64.so.2
74f4e4c7b000-74f4e4c7d000 r--p 00036000 08:01 8476                       /usr/lib/x86_64-linux-gnu/ld-linux-x86-64.so.2
74f4e4c7d000-74f4e4c7f000 rw-p 00038000 08:01 8476                       /usr/lib/x86_64-linux-gnu/ld-linux-x86-64.so.2
7ffe807f8000-7ffe80819000 rw-p 00000000 00:00 0                          [stack]
7ffe80934000-7ffe80938000 r--p 00000000 00:00 0                          [vvar]
7ffe80938000-7ffe8093a000 r-xp 00000000 00:00 0                          [vdso]
ffffffffff600000-ffffffffff601000 --xp 00000000 00:00 0                  [vsyscall]
Total number of mappings: 234

JVMTI agents: none


VM Arguments:
jvm_args: -Dapplication.home=/home/ubuntu/jvm_libapth/jdk21u/build/linux-x86_64-server-release/images/jdk --add-modules=ALL-DEFAULT -Xms8m -Xshare:off -XX:-UseCompressedOops -XX:-UseCompressedClassPointers -XX:TieredStopAtLevel=1 -Djdk.module.main=jdk.compiler 
java_command: jdk.compiler/com.sun.tools.javac.Main HelloWorld.java
java_class_path (initial): <not set>
Launcher Type: SUN_STANDARD

[Global flags]
     intx CICompilerCount                          = 4                                         {product} {ergonomic}
     uint ConcGCThreads                            = 3                                         {product} {ergonomic}
     uint G1ConcRefinementThreads                  = 10                                        {product} {ergonomic}
   size_t G1HeapRegionSize                         = 4194304                                   {product} {ergonomic}
    uintx GCDrainStackTargetSize                   = 64                                        {product} {ergonomic}
   size_t InitialHeapSize                          = 8388608                                   {product} {command line}
   size_t MarkStackSize                            = 4194304                                   {product} {ergonomic}
   size_t MaxHeapSize                              = 6299844608                                {product} {ergonomic}
   size_t MaxNewSize                               = 3779067904                                {product} {ergonomic}
   size_t MinHeapDeltaBytes                        = 4194304                                   {product} {ergonomic}
   size_t MinHeapSize                              = 8388608                                   {product} {command line}
    uintx NonNMethodCodeHeapSize                   = 4096                                   {pd product} {ergonomic}
    uintx NonProfiledCodeHeapSize                  = 0                                      {pd product} {ergonomic}
     bool ProfileInterpreter                       = false                                  {pd product} {command line}
    uintx ProfiledCodeHeapSize                     = 0                                      {pd product} {ergonomic}
   size_t SoftMaxHeapSize                          = 6299844608                             {manageable} {ergonomic}
     intx TieredStopAtLevel                        = 1                                         {product} {command line}
     bool UseCompressedClassPointers               = false                          {product lp64_product} {command line}
     bool UseCompressedOops                        = false                          {product lp64_product} {command line}
     bool UseG1GC                                  = true                                      {product} {ergonomic}

Logging:
Log output configuration:
 #0: stdout all=warning uptime,level,tags foldmultilines=false
 #1: stderr all=off uptime,level,tags foldmultilines=false

Release file:
IMPLEMENTOR="N/A"
JAVA_RUNTIME_VERSION="21.0.11-internal-adhoc.ubuntu.jdk21u"
JAVA_VERSION="21.0.11"
JAVA_VERSION_DATE="2026-04-21"
LIBC="gnu"
MODULES="java.base java.compiler java.datatransfer java.xml java.prefs java.desktop java.instrument java.logging java.management java.security.sasl java.naming java.rmi java.management.rmi java.net.http java.scripting java.security.jgss java.transaction.xa java.sql java.sql.rowset java.xml.crypto java.se java.smartcardio jdk.accessibility jdk.internal.jvmstat jdk.attach jdk.charsets jdk.internal.opt jdk.zipfs jdk.compiler jdk.crypto.ec jdk.crypto.cryptoki jdk.dynalink jdk.internal.ed jdk.editpad jdk.hotspot.agent jdk.httpserver jdk.incubator.vector jdk.internal.le jdk.internal.vm.ci jdk.internal.vm.compiler jdk.internal.vm.compiler.management jdk.jartool jdk.javadoc jdk.jcmd jdk.management jdk.management.agent jdk.jconsole jdk.jdeps jdk.jdwp.agent jdk.jdi jdk.jfr jdk.jlink jdk.jpackage jdk.jshell jdk.jsobject jdk.jstatd jdk.localedata jdk.management.jfr jdk.naming.dns jdk.naming.rmi jdk.net jdk.nio.mapmode jdk.random jdk.sctp jdk.security.auth jdk.security.jgss jdk.unsupported jdk.unsupported.desktop jdk.xml.dom"
OS_ARCH="x86_64"
OS_NAME="Linux"
SOURCE=".:git:49cab5fa9f12+"

Environment Variables:
PATH=/home/ubuntu/.local/bin:/home/ubuntu/.local/bin:/home/ubuntu/.local/bin:/home/ubuntu/.cargo/bin:/home/ubuntu/.local/bin:/home/ubuntu/.nvm/versions/node/v24.14.0/bin:/usr/local/sbin:/usr/local/bin:/usr/sbin:/usr/bin:/sbin:/bin:/usr/games:/usr/local/games:/snap/bin
SHELL=/bin/bash
LANG=C.UTF-8
TERM=tmux-256color

Active Locale:
LC_ALL=C.UTF-8
LC_COLLATE=C.UTF-8
LC_CTYPE=C.UTF-8
LC_MESSAGES=C.UTF-8
LC_MONETARY=C.UTF-8
LC_NUMERIC=C.UTF-8
LC_TIME=C.UTF-8

Signal Handlers:
   SIGSEGV: crash_handler in libjvm.so, mask=11100100010111111101111111111110, flags=SA_RESTART|SA_SIGINFO, unblocked
    SIGBUS: crash_handler in libjvm.so, mask=11100100010111111101111111111110, flags=SA_RESTART|SA_SIGINFO, unblocked
    SIGFPE: crash_handler in libjvm.so, mask=11100100010111111101111111111110, flags=SA_RESTART|SA_SIGINFO, unblocked
   SIGPIPE: javaSignalHandler in libjvm.so, mask=11100100010111111101111111111110, flags=SA_RESTART|SA_SIGINFO, blocked
  chained to: javaSignalHandler in libjvm.so, mask=11100100010111111101111111111110, flags=SA_RESTART|SA_SIGINFO
   SIGXFSZ: javaSignalHandler in libjvm.so, mask=11100100010111111101111111111110, flags=SA_RESTART|SA_SIGINFO, blocked
  chained to: javaSignalHandler in libjvm.so, mask=11100100010111111101111111111110, flags=SA_RESTART|SA_SIGINFO
    SIGILL: crash_handler in libjvm.so, mask=11100100010111111101111111111110, flags=SA_RESTART|SA_SIGINFO, unblocked
   SIGUSR2: SR_handler in libjvm.so, mask=00000000000000000000000000100000, flags=SA_RESTART|SA_SIGINFO, blocked
    SIGHUP: UserHandler in libjvm.so, mask=11100100010111111101111111111110, flags=SA_RESTART|SA_SIGINFO, blocked
    SIGINT: UserHandler in libjvm.so, mask=11100100010111111101111111111110, flags=SA_RESTART|SA_SIGINFO, blocked
   SIGTERM: UserHandler in libjvm.so, mask=11100100010111111101111111111110, flags=SA_RESTART|SA_SIGINFO, blocked
   SIGQUIT: UserHandler in libjvm.so, mask=11100100010111111101111111111110, flags=SA_RESTART|SA_SIGINFO, blocked
   SIGTRAP: crash_handler in libjvm.so, mask=11100100010111111101111111111110, flags=SA_RESTART|SA_SIGINFO, unblocked


Periodic native trim disabled

---------------  S Y S T E M  ---------------

OS:
DISTRIB_ID=Ubuntu
DISTRIB_RELEASE=24.04
DISTRIB_CODENAME=noble
DISTRIB_DESCRIPTION="Ubuntu 24.04.4 LTS"
uname: Linux 6.8.0-106-generic #106-Ubuntu SMP PREEMPT_DYNAMIC Fri Mar  6 07:58:08 UTC 2026 x86_64
OS uptime: 12 days 3:01 hours
libc: glibc 2.39 NPTL 2.39 
rlimit (soft/hard): STACK 8192k/infinity , CORE 0k/infinity , NPROC 95950/95950 , NOFILE 1048576/1048576 , AS infinity/infinity , CPU infinity/infinity , DATA infinity/infinity , FSIZE infinity/infinity , MEMLOCK 3075328k/3075328k
load average: 9.88 9.32 10.27

/proc/meminfo:
MemTotal:       24602632 kB
MemFree:         7399916 kB
MemAvailable:   20946768 kB
Buffers:          365544 kB
Cached:         12914664 kB
SwapCached:            0 kB
Active:          4077688 kB
Inactive:       11913144 kB
Active(anon):    2678456 kB
Inactive(anon):    46236 kB
Active(file):    1399232 kB
Inactive(file): 11866908 kB
Unevictable:       31312 kB
Mlocked:           27312 kB
SwapTotal:             0 kB
SwapFree:              0 kB
Zswap:                 0 kB
Zswapped:              0 kB
Dirty:           1656408 kB
Writeback:             0 kB
AnonPages:       2742036 kB
Mapped:           575884 kB
Shmem:              5368 kB
KReclaimable:     685380 kB
Slab:             875508 kB
SReclaimable:     685380 kB
SUnreclaim:       190128 kB
KernelStack:       10496 kB
PageTables:        50632 kB
SecPageTables:         0 kB
NFS_Unstable:          0 kB
Bounce:                0 kB
WritebackTmp:          0 kB
CommitLimit:    12301316 kB
Committed_AS:    4156732 kB
VmallocTotal:   34359738367 kB
VmallocUsed:       29936 kB
VmallocChunk:          0 kB
Percpu:            21120 kB
HardwareCorrupted:     0 kB
AnonHugePages:         0 kB
ShmemHugePages:        0 kB
ShmemPmdMapped:        0 kB
FileHugePages:         0 kB
FilePmdMapped:         0 kB
Unaccepted:            0 kB
HugePages_Total:       0
HugePages_Free:        0
HugePages_Rsvd:        0
HugePages_Surp:        0
Hugepagesize:       2048 kB
Hugetlb:               0 kB
DirectMap4k:      177828 kB
DirectMap2M:     9254912 kB
DirectMap1G:    17825792 kB

/sys/kernel/mm/transparent_hugepage/enabled: always [madvise] never
/sys/kernel/mm/transparent_hugepage/hpage_pmd_size: 2097152
/sys/kernel/mm/transparent_hugepage/defrag (defrag/compaction efforts parameter): always defer defer+madvise [madvise] never

Process Memory:
Virtual Size: 7958388K (peak: 8012504K)
Resident Set Size: 82964K (peak: 82964K) (anon: 55956K, file: 27008K, shmem: 0K)
Swapped out: 0K
C-Heap outstanding allocations: 42192K, retained: 4067K
glibc malloc tunables: (default)

/proc/sys/kernel/threads-max (system-wide limit on the number of threads): 191901
/proc/sys/vm/max_map_count (maximum number of memory map areas a process may have): 1048576
/proc/sys/vm/swappiness (control to define how aggressively the kernel swaps out anonymous memory): 60
/proc/sys/kernel/pid_max (system-wide limit on number of process identifiers): 4194304

container information not found.
KVM virtualization detected
Steal ticks since vm start: 0
Steal ticks percentage since vm start:  0.000

CPU: total 12 (initial active 12) (1 cores per cpu, 1 threads per core) family 25 model 1 stepping 2 microcode 0xa001238, cx8, cmov, fxsr, mmx, 3dnowpref, sse, sse2, sse3, ssse3, sse4a, sse4.1, sse4.2, popcnt, lzcnt, tsc, avx, avx2, aes, erms, clmul, bmi1, bmi2, adx, sha, fma, vzeroupper, clflush, clflushopt, hv, rdtscp, rdpid, fsrm, f16c, pku, ospke
CPU Model and flags from /proc/cpuinfo:
model name	: AMD EPYC 7773X 64-Core Processor
flags		: fpu vme de pse tsc msr pae mce cx8 apic sep mtrr pge mca cmov pat pse36 clflush mmx fxsr sse sse2 syscall nx mmxext fxsr_opt pdpe1gb rdtscp lm rep_good nopl cpuid extd_apicid tsc_known_freq pni pclmulqdq ssse3 fma cx16 pcid sse4_1 sse4_2 x2apic movbe popcnt tsc_deadline_timer aes xsave avx f16c rdrand hypervisor lahf_lm cmp_legacy svm cr8_legacy abm sse4a misalignsse 3dnowprefetch osvw perfctr_core ssbd ibrs ibpb stibp vmmcall fsgsbase tsc_adjust bmi1 avx2 smep bmi2 erms invpcid rdseed adx smap clflushopt clwb sha_ni xsaveopt xsavec xgetbv1 xsaves clzero xsaveerptr wbnoinvd arat npt lbrv nrip_save tsc_scale vmcb_clean flushbyasid pausefilter pfthreshold v_vmsave_vmload vgif umip pku ospke vaes vpclmulqdq rdpid fsrm arch_capabilities

Online cpus: 0-11
Offline cpus: 
BIOS frequency limitation: <Not Available>
Frequency switch latency (ns): <Not Available>
Available cpu frequencies: <Not Available>
Current governor: <Not Available>
Core performance/turbo boost: <Not Available>

Memory: 4k page, physical 24602632k(20946768k free), swap 0k(0k free)
Page Sizes: 4k

vm_info: OpenJDK 64-Bit Server VM (21.0.11-internal-adhoc.ubuntu.jdk21u) for linux-amd64 JRE (21.0.11-internal-adhoc.ubuntu.jdk21u), built on 2026-04-05T10:47:01Z by "ubuntu" with gcc 13.3.0

END.
